main.c:97:5:main	8	static
main.c:157:6:SystemClock_Config	312	static
main.c:252:13:MX_ADC1_Init	48	static
main.c:316:13:MX_ADC2_Init	40	static
main.c:372:13:MX_ADC3_Init	40	static
main.c:428:13:MX_I2C1_Init	8	static
main.c:474:13:MX_RTC_Init	8	static
main.c:509:13:MX_SPI1_Init	8	static
main.c:557:13:MX_SPI3_Init	8	static
main.c:605:13:MX_SPI4_Init	8	static
main.c:653:13:MX_SPI6_Init	8	static
main.c:701:13:MX_TIM1_Init	96	static
main.c:771:13:MX_TIM8_Init	96	static
main.c:853:13:MX_UART5_Init	8	static
main.c:899:13:MX_DMA_Init	16	static
main.c:917:13:MX_GPIO_Init	56	static
main.c:1010:6:Error_Handler	4	static
