Archive member included to satisfy reference by file (symbol)

c:/st/stm32cubeide_1.3.0/stm32cubeide/plugins/com.st.stm32cube.ide.mcu.externaltools.gnu-tools-for-stm32.7-2018-q2-update.win32_1.0.0.201904181610/tools/bin/../lib/gcc/arm-none-eabi/7.3.1/../../../../arm-none-eabi/lib/thumb/v7e-m/fpv5/hard\libc_nano.a(lib_a-errno.o)
                              Core/Src/syscalls.o (__errno)
c:/st/stm32cubeide_1.3.0/stm32cubeide/plugins/com.st.stm32cube.ide.mcu.externaltools.gnu-tools-for-stm32.7-2018-q2-update.win32_1.0.0.201904181610/tools/bin/../lib/gcc/arm-none-eabi/7.3.1/../../../../arm-none-eabi/lib/thumb/v7e-m/fpv5/hard\libc_nano.a(lib_a-exit.o)
                              c:/st/stm32cubeide_1.3.0/stm32cubeide/plugins/com.st.stm32cube.ide.mcu.externaltools.gnu-tools-for-stm32.7-2018-q2-update.win32_1.0.0.201904181610/tools/bin/../lib/gcc/arm-none-eabi/7.3.1/../../../../arm-none-eabi/lib/thumb/v7e-m/fpv5/hard/crt0.o (exit)
c:/st/stm32cubeide_1.3.0/stm32cubeide/plugins/com.st.stm32cube.ide.mcu.externaltools.gnu-tools-for-stm32.7-2018-q2-update.win32_1.0.0.201904181610/tools/bin/../lib/gcc/arm-none-eabi/7.3.1/../../../../arm-none-eabi/lib/thumb/v7e-m/fpv5/hard\libc_nano.a(lib_a-impure.o)
                              c:/st/stm32cubeide_1.3.0/stm32cubeide/plugins/com.st.stm32cube.ide.mcu.externaltools.gnu-tools-for-stm32.7-2018-q2-update.win32_1.0.0.201904181610/tools/bin/../lib/gcc/arm-none-eabi/7.3.1/../../../../arm-none-eabi/lib/thumb/v7e-m/fpv5/hard\libc_nano.a(lib_a-exit.o) (_global_impure_ptr)
c:/st/stm32cubeide_1.3.0/stm32cubeide/plugins/com.st.stm32cube.ide.mcu.externaltools.gnu-tools-for-stm32.7-2018-q2-update.win32_1.0.0.201904181610/tools/bin/../lib/gcc/arm-none-eabi/7.3.1/../../../../arm-none-eabi/lib/thumb/v7e-m/fpv5/hard\libc_nano.a(lib_a-init.o)
                              c:/st/stm32cubeide_1.3.0/stm32cubeide/plugins/com.st.stm32cube.ide.mcu.externaltools.gnu-tools-for-stm32.7-2018-q2-update.win32_1.0.0.201904181610/tools/bin/../lib/gcc/arm-none-eabi/7.3.1/../../../../arm-none-eabi/lib/thumb/v7e-m/fpv5/hard/crt0.o (__libc_init_array)
c:/st/stm32cubeide_1.3.0/stm32cubeide/plugins/com.st.stm32cube.ide.mcu.externaltools.gnu-tools-for-stm32.7-2018-q2-update.win32_1.0.0.201904181610/tools/bin/../lib/gcc/arm-none-eabi/7.3.1/../../../../arm-none-eabi/lib/thumb/v7e-m/fpv5/hard\libc_nano.a(lib_a-malloc.o)
                              Middlewares/ST/STM32_USB_Device_Library/Class/CDC/Src/usbd_cdc.o (malloc)
c:/st/stm32cubeide_1.3.0/stm32cubeide/plugins/com.st.stm32cube.ide.mcu.externaltools.gnu-tools-for-stm32.7-2018-q2-update.win32_1.0.0.201904181610/tools/bin/../lib/gcc/arm-none-eabi/7.3.1/../../../../arm-none-eabi/lib/thumb/v7e-m/fpv5/hard\libc_nano.a(lib_a-memset.o)
                              c:/st/stm32cubeide_1.3.0/stm32cubeide/plugins/com.st.stm32cube.ide.mcu.externaltools.gnu-tools-for-stm32.7-2018-q2-update.win32_1.0.0.201904181610/tools/bin/../lib/gcc/arm-none-eabi/7.3.1/../../../../arm-none-eabi/lib/thumb/v7e-m/fpv5/hard/crt0.o (memset)
c:/st/stm32cubeide_1.3.0/stm32cubeide/plugins/com.st.stm32cube.ide.mcu.externaltools.gnu-tools-for-stm32.7-2018-q2-update.win32_1.0.0.201904181610/tools/bin/../lib/gcc/arm-none-eabi/7.3.1/../../../../arm-none-eabi/lib/thumb/v7e-m/fpv5/hard\libc_nano.a(lib_a-nano-freer.o)
                              c:/st/stm32cubeide_1.3.0/stm32cubeide/plugins/com.st.stm32cube.ide.mcu.externaltools.gnu-tools-for-stm32.7-2018-q2-update.win32_1.0.0.201904181610/tools/bin/../lib/gcc/arm-none-eabi/7.3.1/../../../../arm-none-eabi/lib/thumb/v7e-m/fpv5/hard\libc_nano.a(lib_a-malloc.o) (_free_r)
c:/st/stm32cubeide_1.3.0/stm32cubeide/plugins/com.st.stm32cube.ide.mcu.externaltools.gnu-tools-for-stm32.7-2018-q2-update.win32_1.0.0.201904181610/tools/bin/../lib/gcc/arm-none-eabi/7.3.1/../../../../arm-none-eabi/lib/thumb/v7e-m/fpv5/hard\libc_nano.a(lib_a-nano-mallocr.o)
                              c:/st/stm32cubeide_1.3.0/stm32cubeide/plugins/com.st.stm32cube.ide.mcu.externaltools.gnu-tools-for-stm32.7-2018-q2-update.win32_1.0.0.201904181610/tools/bin/../lib/gcc/arm-none-eabi/7.3.1/../../../../arm-none-eabi/lib/thumb/v7e-m/fpv5/hard\libc_nano.a(lib_a-malloc.o) (_malloc_r)
c:/st/stm32cubeide_1.3.0/stm32cubeide/plugins/com.st.stm32cube.ide.mcu.externaltools.gnu-tools-for-stm32.7-2018-q2-update.win32_1.0.0.201904181610/tools/bin/../lib/gcc/arm-none-eabi/7.3.1/../../../../arm-none-eabi/lib/thumb/v7e-m/fpv5/hard\libc_nano.a(lib_a-sbrkr.o)
                              c:/st/stm32cubeide_1.3.0/stm32cubeide/plugins/com.st.stm32cube.ide.mcu.externaltools.gnu-tools-for-stm32.7-2018-q2-update.win32_1.0.0.201904181610/tools/bin/../lib/gcc/arm-none-eabi/7.3.1/../../../../arm-none-eabi/lib/thumb/v7e-m/fpv5/hard\libc_nano.a(lib_a-nano-mallocr.o) (_sbrk_r)
[...]
Memory Configuration

Name             Origin             Length             Attributes
DTCMRAM          0x0000000020000000 0x0000000000020000 xrw
ITCMRAM          0x0000000000000000 0x0000000000010000 xrw
RAM_D1           0x0000000024000000 0x0000000000080000 xrw
RAM_D2           0x0000000030000000 0x0000000000048000 xrw
RAM_D3           0x0000000038000000 0x0000000000010000 xrw
FLASH            0x0000000008000000 0x0000000000020000 xr
*default*        0x0000000000000000 0xffffffffffffffff

Linker script and memory map

LOAD c:/st/stm32cubeide_1.3.0/stm32cubeide/plugins/com.st.stm32cube.ide.mcu.externaltools.gnu-tools-for-stm32.7-2018-q2-update.win32_1.0.0.201904181610/tools/bin/../lib/gcc/arm-none-eabi/7.3.1/thumb/v7e-m/fpv5/hard/crti.o
LOAD c:/st/stm32cubeide_1.3.0/stm32cubeide/plugins/com.st.stm32cube.ide.mcu.externaltools.gnu-tools-for-stm32.7-2018-q2-update.win32_1.0.0.201904181610/tools/bin/../lib/gcc/arm-none-eabi/7.3.1/thumb/v7e-m/fpv5/hard/crtbegin.o
LOAD c:/st/stm32cubeide_1.3.0/stm32cubeide/plugins/com.st.stm32cube.ide.mcu.externaltools.gnu-tools-for-stm32.7-2018-q2-update.win32_1.0.0.201904181610/tools/bin/../lib/gcc/arm-none-eabi/7.3.1/../../../../arm-none-eabi/lib/thumb/v7e-m/fpv5/hard/crt0.o
LOAD Core/Src/main.o
LOAD Core/Src/stm32h7xx_hal_msp.o
LOAD Core/Src/stm32h7xx_it.o
LOAD Core/Src/syscalls.o
LOAD Core/Src/sysmem.o
LOAD Core/Src/system_stm32h7xx.o
LOAD Core/Startup/startup_stm32h750vbtx.o
LOAD Drivers/STM32H7xx_HAL_Driver/Src/stm32h7xx_hal.o
LOAD Drivers/STM32H7xx_HAL_Driver/Src/stm32h7xx_hal_adc.o
LOAD Drivers/STM32H7xx_HAL_Driver/Src/stm32h7xx_hal_adc_ex.o
LOAD Drivers/STM32H7xx_HAL_Driver/Src/stm32h7xx_hal_cortex.o
LOAD Drivers/STM32H7xx_HAL_Driver/Src/stm32h7xx_hal_dma.o
LOAD Drivers/STM32H7xx_HAL_Driver/Src/stm32h7xx_hal_dma_ex.o
LOAD Drivers/STM32H7xx_HAL_Driver/Src/stm32h7xx_hal_exti.o
LOAD Drivers/STM32H7xx_HAL_Driver/Src/stm32h7xx_hal_flash.o
LOAD Drivers/STM32H7xx_HAL_Driver/Src/stm32h7xx_hal_flash_ex.o
LOAD Drivers/STM32H7xx_HAL_Driver/Src/stm32h7xx_hal_gpio.o
LOAD Drivers/STM32H7xx_HAL_Driver/Src/stm32h7xx_hal_hsem.o
LOAD Drivers/STM32H7xx_HAL_Driver/Src/stm32h7xx_hal_i2c.o
LOAD Drivers/STM32H7xx_HAL_Driver/Src/stm32h7xx_hal_i2c_ex.o
LOAD Drivers/STM32H7xx_HAL_Driver/Src/stm32h7xx_hal_mdma.o
LOAD Drivers/STM32H7xx_HAL_Driver/Src/stm32h7xx_hal_pcd.o
LOAD Drivers/STM32H7xx_HAL_Driver/Src/stm32h7xx_hal_pcd_ex.o
LOAD Drivers/STM32H7xx_HAL_Driver/Src/stm32h7xx_hal_pwr.o
LOAD Drivers/STM32H7xx_HAL_Driver/Src/stm32h7xx_hal_pwr_ex.o
LOAD Drivers/STM32H7xx_HAL_Driver/Src/stm32h7xx_hal_rcc.o
LOAD Drivers/STM32H7xx_HAL_Driver/Src/stm32h7xx_hal_rcc_ex.o
LOAD Drivers/STM32H7xx_HAL_Driver/Src/stm32h7xx_hal_rtc.o
LOAD Drivers/STM32H7xx_HAL_Driver/Src/stm32h7xx_hal_rtc_ex.o
LOAD Drivers/STM32H7xx_HAL_Driver/Src/stm32h7xx_hal_spi.o
LOAD Drivers/STM32H7xx_HAL_Driver/Src/stm32h7xx_hal_spi_ex.o
LOAD Drivers/STM32H7xx_HAL_Driver/Src/stm32h7xx_hal_tim.o
LOAD Drivers/STM32H7xx_HAL_Driver/Src/stm32h7xx_hal_tim_ex.o
LOAD Drivers/STM32H7xx_HAL_Driver/Src/stm32h7xx_hal_uart.o
LOAD Drivers/STM32H7xx_HAL_Driver/Src/stm32h7xx_hal_uart_ex.o
LOAD Drivers/STM32H7xx_HAL_Driver/Src/stm32h7xx_ll_usb.o
LOAD Middlewares/ST/STM32_USB_Device_Library/Class/CDC/Src/usbd_cdc.o
LOAD Middlewares/ST/STM32_USB_Device_Library/Core/Src/usbd_core.o
LOAD Middlewares/ST/STM32_USB_Device_Library/Core/Src/usbd_ctlreq.o
LOAD Middlewares/ST/STM32_USB_Device_Library/Core/Src/usbd_ioreq.o
LOAD USB_DEVICE/App/usb_device.o
LOAD USB_DEVICE/App/usbd_cdc_if.o
LOAD USB_DEVICE/App/usbd_desc.o
LOAD USB_DEVICE/Target/usbd_conf.o
START GROUP
LOAD c:/st/stm32cubeide_1.3.0/stm32cubeide/plugins/com.st.stm32cube.ide.mcu.externaltools.gnu-tools-for-stm32.7-2018-q2-update.win32_1.0.0.201904181610/tools/bin/../lib/gcc/arm-none-eabi/7.3.1/../../../../arm-none-eabi/lib/thumb/v7e-m/fpv5/hard\libc_nano.a
LOAD c:/st/stm32cubeide_1.3.0/stm32cubeide/plugins/com.st.stm32cube.ide.mcu.externaltools.gnu-tools-for-stm32.7-2018-q2-update.win32_1.0.0.201904181610/tools/bin/../lib/gcc/arm-none-eabi/7.3.1/../../../../arm-none-eabi/lib/thumb/v7e-m/fpv5/hard\libm.a
END GROUP
START GROUP
LOAD c:/st/stm32cubeide_1.3.0/stm32cubeide/plugins/com.st.stm32cube.ide.mcu.externaltools.gnu-tools-for-stm32.7-2018-q2-update.win32_1.0.0.201904181610/tools/bin/../lib/gcc/arm-none-eabi/7.3.1/thumb/v7e-m/fpv5/hard\libgcc.a
LOAD c:/st/stm32cubeide_1.3.0/stm32cubeide/plugins/com.st.stm32cube.ide.mcu.externaltools.gnu-tools-for-stm32.7-2018-q2-update.win32_1.0.0.201904181610/tools/bin/../lib/gcc/arm-none-eabi/7.3.1/../../../../arm-none-eabi/lib/thumb/v7e-m/fpv5/hard\libc_nano.a
END GROUP
START GROUP
LOAD c:/st/stm32cubeide_1.3.0/stm32cubeide/plugins/com.st.stm32cube.ide.mcu.externaltools.gnu-tools-for-stm32.7-2018-q2-update.win32_1.0.0.201904181610/tools/bin/../lib/gcc/arm-none-eabi/7.3.1/thumb/v7e-m/fpv5/hard\libgcc.a
LOAD c:/st/stm32cubeide_1.3.0/stm32cubeide/plugins/com.st.stm32cube.ide.mcu.externaltools.gnu-tools-for-stm32.7-2018-q2-update.win32_1.0.0.201904181610/tools/bin/../lib/gcc/arm-none-eabi/7.3.1/../../../../arm-none-eabi/lib/thumb/v7e-m/fpv5/hard\libc_nano.a
LOAD c:/st/stm32cubeide_1.3.0/stm32cubeide/plugins/com.st.stm32cube.ide.mcu.externaltools.gnu-tools-for-stm32.7-2018-q2-update.win32_1.0.0.201904181610/tools/bin/../lib/gcc/arm-none-eabi/7.3.1/../../../../arm-none-eabi/lib/thumb/v7e-m/fpv5/hard\libnosys.a
END GROUP
START GROUP
LOAD c:/st/stm32cubeide_1.3.0/stm32cubeide/plugins/com.st.stm32cube.ide.mcu.externaltools.gnu-tools-for-stm32.7-2018-q2-update.win32_1.0.0.201904181610/tools/bin/../lib/gcc/arm-none-eabi/7.3.1/thumb/v7e-m/fpv5/hard\libgcc.a
LOAD c:/st/stm32cubeide_1.3.0/stm32cubeide/plugins/com.st.stm32cube.ide.mcu.externaltools.gnu-tools-for-stm32.7-2018-q2-update.win32_1.0.0.201904181610/tools/bin/../lib/gcc/arm-none-eabi/7.3.1/../../../../arm-none-eabi/lib/thumb/v7e-m/fpv5/hard\libc_nano.a
LOAD c:/st/stm32cubeide_1.3.0/stm32cubeide/plugins/com.st.stm32cube.ide.mcu.externaltools.gnu-tools-for-stm32.7-2018-q2-update.win32_1.0.0.201904181610/tools/bin/../lib/gcc/arm-none-eabi/7.3.1/../../../../arm-none-eabi/lib/thumb/v7e-m/fpv5/hard\libnosys.a
END GROUP
LOAD c:/st/stm32cubeide_1.3.0/stm32cubeide/plugins/com.st.stm32cube.ide.mcu.externaltools.gnu-tools-for-stm32.7-2018-q2-update.win32_1.0.0.201904181610/tools/bin/../lib/gcc/arm-none-eabi/7.3.1/thumb/v7e-m/fpv5/hard/crtend.o
LOAD c:/st/stm32cubeide_1.3.0/stm32cubeide/plugins/com.st.stm32cube.ide.mcu.externaltools.gnu-tools-for-stm32.7-2018-q2-update.win32_1.0.0.201904181610/tools/bin/../lib/gcc/arm-none-eabi/7.3.1/thumb/v7e-m/fpv5/hard/crtn.o
                0x0000000024080000                _estack = (ORIGIN (RAM_D1) + LENGTH (RAM_D1))
                0x0000000000000200                _Min_Heap_Size = 0x200
                0x0000000000000400                _Min_Stack_Size = 0x400

.isr_vector     0x0000000008000000      0x298
                0x0000000008000000                . = ALIGN (0x4)
 *(.isr_vector)
 .isr_vector    0x0000000008000000      0x298 Core/Startup/startup_stm32h750vbtx.o
                0x0000000008000000                g_pfnVectors
                0x0000000008000298                . = ALIGN (0x4)

.text           0x0000000008000298     0xfe24
                0x0000000008000298                . = ALIGN (0x4)
 *(.text)
 .text          0x0000000008000298       0x40 c:/st/stm32cubeide_1.3.0/stm32cubeide/plugins/com.st.stm32cube.ide.mcu.externaltools.gnu-tools-for-stm32.7-2018-q2-update.win32_1.0.0.201904181610/tools/bin/../lib/gcc/arm-none-eabi/7.3.1/thumb/v7e-m/fpv5/hard/crtbegin.o
 .text          0x00000000080002d8       0x30 c:/st/stm32cubeide_1.3.0/stm32cubeide/plugins/com.st.stm32cube.ide.mcu.externaltools.gnu-tools-for-stm32.7-2018-q2-update.win32_1.0.0.201904181610/tools/bin/../lib/gcc/arm-none-eabi/7.3.1/thumb/v7e-m/fpv5/hard\libgcc.a(_aeabi_uldivmod.o)
                0x00000000080002d8                __aeabi_uldivmod
 .text          0x0000000008000308      0x2cc c:/st/stm32cubeide_1.3.0/stm32cubeide/plugins/com.st.stm32cube.ide.mcu.externaltools.gnu-tools-for-stm32.7-2018-q2-update.win32_1.0.0.201904181610/tools/bin/../lib/gcc/arm-none-eabi/7.3.1/thumb/v7e-m/fpv5/hard\libgcc.a(_udivmoddi4.o)
                0x0000000008000308                __udivmoddi4
 .text          0x00000000080005d4        0x4 c:/st/stm32cubeide_1.3.0/stm32cubeide/plugins/com.st.stm32cube.ide.mcu.externaltools.gnu-tools-for-stm32.7-2018-q2-update.win32_1.0.0.201904181610/tools/bin/../lib/gcc/arm-none-eabi/7.3.1/thumb/v7e-m/fpv5/hard\libgcc.a(_dvmd_tls.o)
                0x00000000080005d4                __aeabi_idiv0
                0x00000000080005d4                __aeabi_ldiv0
 *(.text*)
 .text.main     0x00000000080005d8       0x4a Core/Src/main.o
                0x00000000080005d8                main
 *fill*         0x0000000008000622        0x2 
 .text.SystemClock_Config
                0x0000000008000624      0x220 Core/Src/main.o
                0x0000000008000624                SystemClock_Config
 .text.MX_ADC1_Init
                0x0000000008000844       0xec Core/Src/main.o
 .text.MX_ADC2_Init
                0x0000000008000930       0xc8 Core/Src/main.o
 .text.MX_ADC3_Init
                0x00000000080009f8       0xc8 Core/Src/main.o
 .text.MX_I2C1_Init
                0x0000000008000ac0       0x80 Core/Src/main.o
 .text.MX_RTC_Init
                0x0000000008000b40       0x50 Core/Src/main.o
 .text.MX_SPI1_Init
                0x0000000008000b90       0xac Core/Src/main.o
 .text.MX_SPI3_Init
                0x0000000008000c3c       0xac Core/Src/main.o
 .text.MX_SPI4_Init
                0x0000000008000ce8       0xac Core/Src/main.o
 .text.MX_SPI6_Init
                0x0000000008000d94       0xac Core/Src/main.o
 .text.MX_TIM1_Init
                0x0000000008000e40      0x11c Core/Src/main.o
 .text.MX_TIM8_Init
                0x0000000008000f5c      0x164 Core/Src/main.o
 .text.MX_UART5_Init
                0x00000000080010c0       0x98 Core/Src/main.o
 .text.MX_DMA_Init
                0x0000000008001158       0x40 Core/Src/main.o
 .text.MX_GPIO_Init
                0x0000000008001198      0x1ec Core/Src/main.o
 .text.Error_Handler
                0x0000000008001384        0xe Core/Src/main.o
                0x0000000008001384                Error_Handler
 *fill*         0x0000000008001392        0x2 
 .text.HAL_MspInit
                0x0000000008001394       0x34 Core/Src/stm32h7xx_hal_msp.o
                0x0000000008001394                HAL_MspInit
 .text.HAL_ADC_MspInit
                0x00000000080013c8      0x1e4 Core/Src/stm32h7xx_hal_msp.o
                0x00000000080013c8                HAL_ADC_MspInit
 .text.HAL_I2C_MspInit
                0x00000000080015ac       0x94 Core/Src/stm32h7xx_hal_msp.o
                0x00000000080015ac                HAL_I2C_MspInit
 .text.HAL_RTC_MspInit
                0x0000000008001640       0x34 Core/Src/stm32h7xx_hal_msp.o
                0x0000000008001640                HAL_RTC_MspInit
 .text.HAL_SPI_MspInit
                0x0000000008001674      0x1e8 Core/Src/stm32h7xx_hal_msp.o
                0x0000000008001674                HAL_SPI_MspInit
 .text.HAL_TIM_PWM_MspInit
                0x000000000800185c       0x74 Core/Src/stm32h7xx_hal_msp.o
                0x000000000800185c                HAL_TIM_PWM_MspInit
 .text.HAL_TIM_MspPostInit
                0x00000000080018d0       0xcc Core/Src/stm32h7xx_hal_msp.o
                0x00000000080018d0                HAL_TIM_MspPostInit
 .text.HAL_UART_MspInit
                0x000000000800199c       0xfc Core/Src/stm32h7xx_hal_msp.o
                0x000000000800199c                HAL_UART_MspInit
 .text.NMI_Handler
                0x0000000008001a98        0xc Core/Src/stm32h7xx_it.o
                0x0000000008001a98                NMI_Handler
 .text.HardFault_Handler
                0x0000000008001aa4        0x6 Core/Src/stm32h7xx_it.o
                0x0000000008001aa4                HardFault_Handler
 .text.MemManage_Handler
                0x0000000008001aaa        0x6 Core/Src/stm32h7xx_it.o
                0x0000000008001aaa                MemManage_Handler
 .text.BusFault_Handler
                0x0000000008001ab0        0x6 Core/Src/stm32h7xx_it.o
                0x0000000008001ab0                BusFault_Handler
 .text.UsageFault_Handler
                0x0000000008001ab6        0x6 Core/Src/stm32h7xx_it.o
                0x0000000008001ab6                UsageFault_Handler
 .text.SVC_Handler
                0x0000000008001abc        0xe Core/Src/stm32h7xx_it.o
                0x0000000008001abc                SVC_Handler
 .text.DebugMon_Handler
                0x0000000008001aca        0xe Core/Src/stm32h7xx_it.o
                0x0000000008001aca                DebugMon_Handler
 .text.PendSV_Handler
                0x0000000008001ad8        0xe Core/Src/stm32h7xx_it.o
                0x0000000008001ad8                PendSV_Handler
 .text.SysTick_Handler
                0x0000000008001ae6        0xc Core/Src/stm32h7xx_it.o
                0x0000000008001ae6                SysTick_Handler
 *fill*         0x0000000008001af2        0x2 
 .text.DMA1_Stream0_IRQHandler
                0x0000000008001af4       0x14 Core/Src/stm32h7xx_it.o
                0x0000000008001af4                DMA1_Stream0_IRQHandler
 .text.OTG_FS_IRQHandler
                0x0000000008001b08       0x14 Core/Src/stm32h7xx_it.o
                0x0000000008001b08                OTG_FS_IRQHandler
 .text._sbrk    0x0000000008001b1c       0x58 Core/Src/sysmem.o
                0x0000000008001b1c                _sbrk
 .text.SystemInit
                0x0000000008001b74       0xc4 Core/Src/system_stm32h7xx.o
                0x0000000008001b74                SystemInit
 .text.Reset_Handler
                0x0000000008001c38       0x50 Core/Startup/startup_stm32h750vbtx.o
                0x0000000008001c38                Reset_Handler
 .text.Default_Handler
                0x0000000008001c88        0x2 Core/Startup/startup_stm32h750vbtx.o
                0x0000000008001c88                RTC_Alarm_IRQHandler
                0x0000000008001c88                HASH_RNG_IRQHandler
                0x0000000008001c88                EXTI2_IRQHandler
                0x0000000008001c88                TIM8_CC_IRQHandler
                0x0000000008001c88                HRTIM1_Master_IRQHandler
                0x0000000008001c88                UART8_IRQHandler
                0x0000000008001c88                SPI4_IRQHandler
                0x0000000008001c88                TIM1_CC_IRQHandler
                0x0000000008001c88                BDMA_Channel6_IRQHandler
                0x0000000008001c88                DMA2_Stream5_IRQHandler
                0x0000000008001c88                HRTIM1_FLT_IRQHandler
                0x0000000008001c88                JPEG_IRQHandler
                0x0000000008001c88                DMA1_Stream5_IRQHandler
                0x0000000008001c88                BDMA_Channel1_IRQHandler
                0x0000000008001c88                HRTIM1_TIMD_IRQHandler
                0x0000000008001c88                TAMP_STAMP_IRQHandler
                0x0000000008001c88                EXTI3_IRQHandler
                0x0000000008001c88                LPTIM4_IRQHandler
                0x0000000008001c88                TIM8_TRG_COM_TIM14_IRQHandler
                0x0000000008001c88                LPTIM2_IRQHandler
                0x0000000008001c88                DFSDM1_FLT1_IRQHandler
                0x0000000008001c88                DMAMUX2_OVR_IRQHandler
                0x0000000008001c88                TIM8_UP_TIM13_IRQHandler
                0x0000000008001c88                I2C3_ER_IRQHandler
                0x0000000008001c88                DFSDM1_FLT2_IRQHandler
                0x0000000008001c88                MDMA_IRQHandler
                0x0000000008001c88                LPTIM3_IRQHandler
                0x0000000008001c88                HSEM1_IRQHandler
                0x0000000008001c88                EXTI0_IRQHandler
                0x0000000008001c88                I2C2_EV_IRQHandler
                0x0000000008001c88                DMA1_Stream2_IRQHandler
                0x0000000008001c88                FPU_IRQHandler
                0x0000000008001c88                OTG_HS_WKUP_IRQHandler
                0x0000000008001c88                FDCAN1_IT1_IRQHandler
                0x0000000008001c88                LTDC_ER_IRQHandler
                0x0000000008001c88                DMA2_Stream2_IRQHandler
                0x0000000008001c88                HRTIM1_TIME_IRQHandler
                0x0000000008001c88                SPI1_IRQHandler
                0x0000000008001c88                TIM6_DAC_IRQHandler
                0x0000000008001c88                DCMI_IRQHandler
                0x0000000008001c88                HRTIM1_TIMC_IRQHandler
                0x0000000008001c88                DMA2_Stream3_IRQHandler
                0x0000000008001c88                SAI2_IRQHandler
                0x0000000008001c88                DFSDM1_FLT3_IRQHandler
                0x0000000008001c88                USART6_IRQHandler
                0x0000000008001c88                TIM17_IRQHandler
                0x0000000008001c88                USART3_IRQHandler
                0x0000000008001c88                BDMA_Channel7_IRQHandler
                0x0000000008001c88                CRYP_IRQHandler
                0x0000000008001c88                LPTIM5_IRQHandler
                0x0000000008001c88                UART5_IRQHandler
                0x0000000008001c88                ADC3_IRQHandler
                0x0000000008001c88                DMA2_Stream0_IRQHandler
                0x0000000008001c88                TIM4_IRQHandler
                0x0000000008001c88                BDMA_Channel2_IRQHandler
                0x0000000008001c88                QUADSPI_IRQHandler
                0x0000000008001c88                I2C1_EV_IRQHandler
                0x0000000008001c88                DMA1_Stream6_IRQHandler
                0x0000000008001c88                DMAMUX1_OVR_IRQHandler
                0x0000000008001c88                DMA1_Stream1_IRQHandler
                0x0000000008001c88                TIM16_IRQHandler
                0x0000000008001c88                UART4_IRQHandler
                0x0000000008001c88                BDMA_Channel5_IRQHandler
                0x0000000008001c88                TIM3_IRQHandler
                0x0000000008001c88                RCC_IRQHandler
                0x0000000008001c88                TIM8_BRK_TIM12_IRQHandler
                0x0000000008001c88                TIM1_TRG_COM_IRQHandler
                0x0000000008001c88                Default_Handler
                0x0000000008001c88                ECC_IRQHandler
                0x0000000008001c88                CEC_IRQHandler
                0x0000000008001c88                EXTI15_10_IRQHandler
                0x0000000008001c88                BDMA_Channel0_IRQHandler
                0x0000000008001c88                ADC_IRQHandler
                0x0000000008001c88                DMA1_Stream7_IRQHandler
                0x0000000008001c88                HRTIM1_TIMA_IRQHandler
                0x0000000008001c88                SPI5_IRQHandler
                0x0000000008001c88                TIM7_IRQHandler
                0x0000000008001c88                SDMMC1_IRQHandler
                0x0000000008001c88                TIM5_IRQHandler
                0x0000000008001c88                DMA2_Stream7_IRQHandler
                0x0000000008001c88                TIM15_IRQHandler
                0x0000000008001c88                PVD_AVD_IRQHandler
                0x0000000008001c88                I2C3_EV_IRQHandler
                0x0000000008001c88                EXTI9_5_IRQHandler
                0x0000000008001c88                RTC_WKUP_IRQHandler
                0x0000000008001c88                LTDC_IRQHandler
                0x0000000008001c88                SAI3_IRQHandler
                0x0000000008001c88                ETH_WKUP_IRQHandler
                0x0000000008001c88                SPDIF_RX_IRQHandler
                0x0000000008001c88                SPI2_IRQHandler
                0x0000000008001c88                OTG_HS_EP1_IN_IRQHandler
                0x0000000008001c88                CRS_IRQHandler
                0x0000000008001c88                EXTI4_IRQHandler
                0x0000000008001c88                HRTIM1_TIMB_IRQHandler
                0x0000000008001c88                FDCAN2_IT1_IRQHandler
                0x0000000008001c88                ETH_IRQHandler
                0x0000000008001c88                TIM1_UP_IRQHandler
                0x0000000008001c88                BDMA_Channel4_IRQHandler
                0x0000000008001c88                OTG_HS_EP1_OUT_IRQHandler
                0x0000000008001c88                WWDG_IRQHandler
                0x0000000008001c88                SPI6_IRQHandler
                0x0000000008001c88                MDIOS_IRQHandler
                0x0000000008001c88                I2C4_EV_IRQHandler
                0x0000000008001c88                FDCAN2_IT0_IRQHandler
                0x0000000008001c88                LPUART1_IRQHandler
                0x0000000008001c88                FDCAN1_IT0_IRQHandler
                0x0000000008001c88                TIM2_IRQHandler
                0x0000000008001c88                OTG_FS_WKUP_IRQHandler
                0x0000000008001c88                OTG_HS_IRQHandler
                0x0000000008001c88                DMA2D_IRQHandler
                0x0000000008001c88                TIM1_BRK_IRQHandler
                0x0000000008001c88                EXTI1_IRQHandler
                0x0000000008001c88                SDMMC2_IRQHandler
                0x0000000008001c88                OTG_FS_EP1_OUT_IRQHandler
                0x0000000008001c88                BDMA_Channel3_IRQHandler
                0x0000000008001c88                UART7_IRQHandler
                0x0000000008001c88                MDIOS_WKUP_IRQHandler
                0x0000000008001c88                USART2_IRQHandler
                0x0000000008001c88                DFSDM1_FLT0_IRQHandler
                0x0000000008001c88                SAI4_IRQHandler
                0x0000000008001c88                I2C2_ER_IRQHandler
                0x0000000008001c88                DMA2_Stream1_IRQHandler
                0x0000000008001c88                FLASH_IRQHandler
                0x0000000008001c88                DMA2_Stream4_IRQHandler
                0x0000000008001c88                USART1_IRQHandler
                0x0000000008001c88                SPI3_IRQHandler
                0x0000000008001c88                WAKEUP_PIN_IRQHandler
                0x0000000008001c88                DMA1_Stream4_IRQHandler
                0x0000000008001c88                OTG_FS_EP1_IN_IRQHandler
                0x0000000008001c88                I2C1_ER_IRQHandler
                0x0000000008001c88                FMC_IRQHandler
                0x0000000008001c88                FDCAN_CAL_IRQHandler
                0x0000000008001c88                SWPMI1_IRQHandler
                0x0000000008001c88                COMP1_IRQHandler
                0x0000000008001c88                LPTIM1_IRQHandler
                0x0000000008001c88                I2C4_ER_IRQHandler
                0x0000000008001c88                DMA2_Stream6_IRQHandler
                0x0000000008001c88                SAI1_IRQHandler
                0x0000000008001c88                DMA1_Stream3_IRQHandler
 *fill*         0x0000000008001c8a        0x2 
 .text.HAL_Init
                0x0000000008001c8c       0x70 Drivers/STM32H7xx_HAL_Driver/Src/stm32h7xx_hal.o
                0x0000000008001c8c                HAL_Init
 .text.HAL_InitTick
                0x0000000008001cfc       0x6c Drivers/STM32H7xx_HAL_Driver/Src/stm32h7xx_hal.o
                0x0000000008001cfc                HAL_InitTick
 .text.HAL_IncTick
                0x0000000008001d68       0x28 Drivers/STM32H7xx_HAL_Driver/Src/stm32h7xx_hal.o
                0x0000000008001d68                HAL_IncTick
 .text.HAL_GetTick
                0x0000000008001d90       0x18 Drivers/STM32H7xx_HAL_Driver/Src/stm32h7xx_hal.o
                0x0000000008001d90                HAL_GetTick
 .text.HAL_Delay
                0x0000000008001da8       0x44 Drivers/STM32H7xx_HAL_Driver/Src/stm32h7xx_hal.o
                0x0000000008001da8                HAL_Delay
 .text.HAL_GetREVID
                0x0000000008001dec       0x18 Drivers/STM32H7xx_HAL_Driver/Src/stm32h7xx_hal.o
                0x0000000008001dec                HAL_GetREVID
 .text.HAL_SYSCFG_AnalogSwitchConfig
                0x0000000008001e04       0x2c Drivers/STM32H7xx_HAL_Driver/Src/stm32h7xx_hal.o
                0x0000000008001e04                HAL_SYSCFG_AnalogSwitchConfig
 .text.LL_ADC_SetCommonClock
                0x0000000008001e30       0x26 Drivers/STM32H7xx_HAL_Driver/Src/stm32h7xx_hal_adc.o
 .text.LL_ADC_SetCommonPathInternalCh
                0x0000000008001e56       0x26 Drivers/STM32H7xx_HAL_Driver/Src/stm32h7xx_hal_adc.o
 .text.LL_ADC_GetCommonPathInternalCh
                0x0000000008001e7c       0x1c Drivers/STM32H7xx_HAL_Driver/Src/stm32h7xx_hal_adc.o
 .text.LL_ADC_SetOffset
                0x0000000008001e98       0x3a Drivers/STM32H7xx_HAL_Driver/Src/stm32h7xx_hal_adc.o
 .text.LL_ADC_SetDataRightShift
                0x0000000008001ed2       0x32 Drivers/STM32H7xx_HAL_Driver/Src/stm32h7xx_hal_adc.o
 .text.LL_ADC_SetOffsetSignedSaturation
                0x0000000008001f04       0x30 Drivers/STM32H7xx_HAL_Driver/Src/stm32h7xx_hal_adc.o
 .text.LL_ADC_REG_SetSequencerRanks
                0x0000000008001f34       0x52 Drivers/STM32H7xx_HAL_Driver/Src/stm32h7xx_hal_adc.o
 .text.LL_ADC_SetChannelSamplingTime
                0x0000000008001f86       0x50 Drivers/STM32H7xx_HAL_Driver/Src/stm32h7xx_hal_adc.o
 *fill*         0x0000000008001fd6        0x2 
 .text.LL_ADC_SetChannelSingleDiff
                0x0000000008001fd8       0x48 Drivers/STM32H7xx_HAL_Driver/Src/stm32h7xx_hal_adc.o
 .text.LL_ADC_DisableDeepPowerDown
                0x0000000008002020       0x24 Drivers/STM32H7xx_HAL_Driver/Src/stm32h7xx_hal_adc.o
 .text.LL_ADC_IsDeepPowerDownEnabled
                0x0000000008002044       0x28 Drivers/STM32H7xx_HAL_Driver/Src/stm32h7xx_hal_adc.o
 .text.LL_ADC_EnableInternalRegulator
                0x000000000800206c       0x28 Drivers/STM32H7xx_HAL_Driver/Src/stm32h7xx_hal_adc.o
 .text.LL_ADC_IsInternalRegulatorEnabled
                0x0000000008002094       0x28 Drivers/STM32H7xx_HAL_Driver/Src/stm32h7xx_hal_adc.o
 .text.LL_ADC_IsEnabled
                0x00000000080020bc       0x26 Drivers/STM32H7xx_HAL_Driver/Src/stm32h7xx_hal_adc.o
 .text.LL_ADC_REG_IsConversionOngoing
                0x00000000080020e2       0x26 Drivers/STM32H7xx_HAL_Driver/Src/stm32h7xx_hal_adc.o
 .text.LL_ADC_INJ_IsConversionOngoing
                0x0000000008002108       0x26 Drivers/STM32H7xx_HAL_Driver/Src/stm32h7xx_hal_adc.o
 *fill*         0x000000000800212e        0x2 
 .text.HAL_ADC_Init
                0x0000000008002130      0x340 Drivers/STM32H7xx_HAL_Driver/Src/stm32h7xx_hal_adc.o
                0x0000000008002130                HAL_ADC_Init
 .text.HAL_ADC_ConfigChannel
                0x0000000008002470      0x628 Drivers/STM32H7xx_HAL_Driver/Src/stm32h7xx_hal_adc.o
                0x0000000008002470                HAL_ADC_ConfigChannel
 .text.ADC_ConfigureBoostMode
                0x0000000008002a98      0x1f0 Drivers/STM32H7xx_HAL_Driver/Src/stm32h7xx_hal_adc.o
                0x0000000008002a98                ADC_ConfigureBoostMode
 .text.LL_ADC_IsEnabled
                0x0000000008002c88       0x26 Drivers/STM32H7xx_HAL_Driver/Src/stm32h7xx_hal_adc_ex.o
 .text.LL_ADC_REG_IsConversionOngoing
                0x0000000008002cae       0x26 Drivers/STM32H7xx_HAL_Driver/Src/stm32h7xx_hal_adc_ex.o
 .text.HAL_ADCEx_MultiModeConfigChannel
                0x0000000008002cd4      0x1b4 Drivers/STM32H7xx_HAL_Driver/Src/stm32h7xx_hal_adc_ex.o
                0x0000000008002cd4                HAL_ADCEx_MultiModeConfigChannel
 .text.__NVIC_SetPriorityGrouping
                0x0000000008002e88       0x48 Drivers/STM32H7xx_HAL_Driver/Src/stm32h7xx_hal_cortex.o
 .text.__NVIC_GetPriorityGrouping
                0x0000000008002ed0       0x1c Drivers/STM32H7xx_HAL_Driver/Src/stm32h7xx_hal_cortex.o
 .text.__NVIC_EnableIRQ
                0x0000000008002eec       0x3c Drivers/STM32H7xx_HAL_Driver/Src/stm32h7xx_hal_cortex.o
 .text.__NVIC_SetPriority
                0x0000000008002f28       0x54 Drivers/STM32H7xx_HAL_Driver/Src/stm32h7xx_hal_cortex.o
 .text.NVIC_EncodePriority
                0x0000000008002f7c       0x66 Drivers/STM32H7xx_HAL_Driver/Src/stm32h7xx_hal_cortex.o
 *fill*         0x0000000008002fe2        0x2 
 .text.SysTick_Config
                0x0000000008002fe4       0x44 Drivers/STM32H7xx_HAL_Driver/Src/stm32h7xx_hal_cortex.o
 .text.HAL_NVIC_SetPriorityGrouping
                0x0000000008003028       0x16 Drivers/STM32H7xx_HAL_Driver/Src/stm32h7xx_hal_cortex.o
                0x0000000008003028                HAL_NVIC_SetPriorityGrouping
 .text.HAL_NVIC_SetPriority
                0x000000000800303e       0x34 Drivers/STM32H7xx_HAL_Driver/Src/stm32h7xx_hal_cortex.o
                0x000000000800303e                HAL_NVIC_SetPriority
 .text.HAL_NVIC_EnableIRQ
                0x0000000008003072       0x1c Drivers/STM32H7xx_HAL_Driver/Src/stm32h7xx_hal_cortex.o
                0x0000000008003072                HAL_NVIC_EnableIRQ
 .text.HAL_SYSTICK_Config
                0x000000000800308e       0x18 Drivers/STM32H7xx_HAL_Driver/Src/stm32h7xx_hal_cortex.o
                0x000000000800308e                HAL_SYSTICK_Config
 *fill*         0x00000000080030a6        0x2 
 .text.HAL_DMA_Init
                0x00000000080030a8      0x64c Drivers/STM32H7xx_HAL_Driver/Src/stm32h7xx_hal_dma.o
                0x00000000080030a8                HAL_DMA_Init
 .text.HAL_DMA_IRQHandler
                0x00000000080036f4      0xe54 Drivers/STM32H7xx_HAL_Driver/Src/stm32h7xx_hal_dma.o
                0x00000000080036f4                HAL_DMA_IRQHandler
 .text.DMA_CalcBaseAndBitshift
                0x0000000008004548      0x164 Drivers/STM32H7xx_HAL_Driver/Src/stm32h7xx_hal_dma.o
 .text.DMA_CheckFifoParam
                0x00000000080046ac       0xf8 Drivers/STM32H7xx_HAL_Driver/Src/stm32h7xx_hal_dma.o
 .text.DMA_CalcDMAMUXChannelBaseAndMask
                0x00000000080047a4      0x134 Drivers/STM32H7xx_HAL_Driver/Src/stm32h7xx_hal_dma.o
 .text.DMA_CalcDMAMUXRequestGenBaseAndMask
                0x00000000080048d8       0xe8 Drivers/STM32H7xx_HAL_Driver/Src/stm32h7xx_hal_dma.o
 .text.HAL_GPIO_Init
                0x00000000080049c0      0x360 Drivers/STM32H7xx_HAL_Driver/Src/stm32h7xx_hal_gpio.o
                0x00000000080049c0                HAL_GPIO_Init
 .text.HAL_GPIO_WritePin
                0x0000000008004d20       0x32 Drivers/STM32H7xx_HAL_Driver/Src/stm32h7xx_hal_gpio.o
                0x0000000008004d20                HAL_GPIO_WritePin
 *fill*         0x0000000008004d52        0x2 
 .text.HAL_I2C_Init
                0x0000000008004d54      0x120 Drivers/STM32H7xx_HAL_Driver/Src/stm32h7xx_hal_i2c.o
                0x0000000008004d54                HAL_I2C_Init
 .text.HAL_I2CEx_ConfigAnalogFilter
                0x0000000008004e74       0x96 Drivers/STM32H7xx_HAL_Driver/Src/stm32h7xx_hal_i2c_ex.o
                0x0000000008004e74                HAL_I2CEx_ConfigAnalogFilter
 .text.HAL_I2CEx_ConfigDigitalFilter
                0x0000000008004f0a       0x98 Drivers/STM32H7xx_HAL_Driver/Src/stm32h7xx_hal_i2c_ex.o
                0x0000000008004f0a                HAL_I2CEx_ConfigDigitalFilter
 .text.HAL_PCD_Init
                0x0000000008004fa2      0x248 Drivers/STM32H7xx_HAL_Driver/Src/stm32h7xx_hal_pcd.o
                0x0000000008004fa2                HAL_PCD_Init
 .text.HAL_PCD_Start
                0x00000000080051ea       0x66 Drivers/STM32H7xx_HAL_Driver/Src/stm32h7xx_hal_pcd.o
                0x00000000080051ea                HAL_PCD_Start
 .text.HAL_PCD_IRQHandler
                0x0000000008005250      0x7be Drivers/STM32H7xx_HAL_Driver/Src/stm32h7xx_hal_pcd.o
                0x0000000008005250                HAL_PCD_IRQHandler
 .text.HAL_PCD_SetAddress
                0x0000000008005a0e       0x4a Drivers/STM32H7xx_HAL_Driver/Src/stm32h7xx_hal_pcd.o
                0x0000000008005a0e                HAL_PCD_SetAddress
 .text.HAL_PCD_EP_Open
                0x0000000008005a58       0xd0 Drivers/STM32H7xx_HAL_Driver/Src/stm32h7xx_hal_pcd.o
                0x0000000008005a58                HAL_PCD_EP_Open
 .text.HAL_PCD_EP_Close
                0x0000000008005b28       0x94 Drivers/STM32H7xx_HAL_Driver/Src/stm32h7xx_hal_pcd.o
                0x0000000008005b28                HAL_PCD_EP_Close
 .text.HAL_PCD_EP_Receive
                0x0000000008005bbc       0x96 Drivers/STM32H7xx_HAL_Driver/Src/stm32h7xx_hal_pcd.o
                0x0000000008005bbc                HAL_PCD_EP_Receive
 .text.HAL_PCD_EP_GetRxCount
                0x0000000008005c52       0x30 Drivers/STM32H7xx_HAL_Driver/Src/stm32h7xx_hal_pcd.o
                0x0000000008005c52                HAL_PCD_EP_GetRxCount
 .text.HAL_PCD_EP_Transmit
                0x0000000008005c82       0x94 Drivers/STM32H7xx_HAL_Driver/Src/stm32h7xx_hal_pcd.o
                0x0000000008005c82                HAL_PCD_EP_Transmit
 .text.HAL_PCD_EP_SetStall
                0x0000000008005d16       0xc8 Drivers/STM32H7xx_HAL_Driver/Src/stm32h7xx_hal_pcd.o
                0x0000000008005d16                HAL_PCD_EP_SetStall
 .text.HAL_PCD_EP_ClrStall
                0x0000000008005dde       0xac Drivers/STM32H7xx_HAL_Driver/Src/stm32h7xx_hal_pcd.o
                0x0000000008005dde                HAL_PCD_EP_ClrStall
 .text.PCD_WriteEmptyTxFifo
                0x0000000008005e8a      0x11a Drivers/STM32H7xx_HAL_Driver/Src/stm32h7xx_hal_pcd.o
 .text.PCD_EP_OutXfrComplete_int
                0x0000000008005fa4      0x218 Drivers/STM32H7xx_HAL_Driver/Src/stm32h7xx_hal_pcd.o
 .text.PCD_EP_OutSetupPacket_int
                0x00000000080061bc       0x8c Drivers/STM32H7xx_HAL_Driver/Src/stm32h7xx_hal_pcd.o
 .text.HAL_PCDEx_SetTxFiFo
                0x0000000008006248       0x8e Drivers/STM32H7xx_HAL_Driver/Src/stm32h7xx_hal_pcd_ex.o
                0x0000000008006248                HAL_PCDEx_SetTxFiFo
 .text.HAL_PCDEx_SetRxFiFo
                0x00000000080062d6       0x22 Drivers/STM32H7xx_HAL_Driver/Src/stm32h7xx_hal_pcd_ex.o
                0x00000000080062d6                HAL_PCDEx_SetRxFiFo
 .text.HAL_PCDEx_ActivateLPM
                0x00000000080062f8       0x48 Drivers/STM32H7xx_HAL_Driver/Src/stm32h7xx_hal_pcd_ex.o
                0x00000000080062f8                HAL_PCDEx_ActivateLPM
 .text.HAL_PCDEx_LPM_Callback
                0x0000000008006340       0x18 Drivers/STM32H7xx_HAL_Driver/Src/stm32h7xx_hal_pcd_ex.o
                0x0000000008006340                HAL_PCDEx_LPM_Callback
 .text.HAL_PWR_EnableBkUpAccess
                0x0000000008006358       0x20 Drivers/STM32H7xx_HAL_Driver/Src/stm32h7xx_hal_pwr.o
                0x0000000008006358                HAL_PWR_EnableBkUpAccess
 .text.HAL_PWREx_ConfigSupply
                0x0000000008006378       0x74 Drivers/STM32H7xx_HAL_Driver/Src/stm32h7xx_hal_pwr_ex.o
                0x0000000008006378                HAL_PWREx_ConfigSupply
 .text.HAL_PWREx_EnableUSBVoltageDetector
                0x00000000080063ec       0x20 Drivers/STM32H7xx_HAL_Driver/Src/stm32h7xx_hal_pwr_ex.o
                0x00000000080063ec                HAL_PWREx_EnableUSBVoltageDetector
 .text.HAL_RCC_OscConfig
                0x000000000800640c      0x7b0 Drivers/STM32H7xx_HAL_Driver/Src/stm32h7xx_hal_rcc.o
                0x000000000800640c                HAL_RCC_OscConfig
 .text.HAL_RCC_ClockConfig
                0x0000000008006bbc      0x348 Drivers/STM32H7xx_HAL_Driver/Src/stm32h7xx_hal_rcc.o
                0x0000000008006bbc                HAL_RCC_ClockConfig
 .text.HAL_RCC_EnableCSS
                0x0000000008006f04       0x20 Drivers/STM32H7xx_HAL_Driver/Src/stm32h7xx_hal_rcc.o
                0x0000000008006f04                HAL_RCC_EnableCSS
 .text.HAL_RCC_GetSysClockFreq
                0x0000000008006f24      0x2e4 Drivers/STM32H7xx_HAL_Driver/Src/stm32h7xx_hal_rcc.o
                0x0000000008006f24                HAL_RCC_GetSysClockFreq
 .text.HAL_RCC_GetHCLKFreq
                0x0000000008007208       0x38 Drivers/STM32H7xx_HAL_Driver/Src/stm32h7xx_hal_rcc.o
                0x0000000008007208                HAL_RCC_GetHCLKFreq
 .text.HAL_RCC_GetPCLK1Freq
                0x0000000008007240       0x2c Drivers/STM32H7xx_HAL_Driver/Src/stm32h7xx_hal_rcc.o
                0x0000000008007240                HAL_RCC_GetPCLK1Freq
 .text.HAL_RCC_GetPCLK2Freq
                0x000000000800726c       0x2c Drivers/STM32H7xx_HAL_Driver/Src/stm32h7xx_hal_rcc.o
                0x000000000800726c                HAL_RCC_GetPCLK2Freq
 .text.HAL_RCC_NMI_IRQHandler
                0x0000000008007298       0x28 Drivers/STM32H7xx_HAL_Driver/Src/stm32h7xx_hal_rcc.o
                0x0000000008007298                HAL_RCC_NMI_IRQHandler
 .text.HAL_RCC_CSSCallback
                0x00000000080072c0        0xe Drivers/STM32H7xx_HAL_Driver/Src/stm32h7xx_hal_rcc.o
                0x00000000080072c0                HAL_RCC_CSSCallback
 *fill*         0x00000000080072ce        0x2 
 .text.HAL_RCCEx_PeriphCLKConfig
                0x00000000080072d0      0xdbc Drivers/STM32H7xx_HAL_Driver/Src/stm32h7xx_hal_rcc_ex.o
                0x00000000080072d0                HAL_RCCEx_PeriphCLKConfig
 .text.HAL_RCCEx_GetPeriphCLKFreq
                0x000000000800808c      0x4f0 Drivers/STM32H7xx_HAL_Driver/Src/stm32h7xx_hal_rcc_ex.o
                0x000000000800808c                HAL_RCCEx_GetPeriphCLKFreq
 .text.HAL_RCCEx_GetD3PCLK1Freq
                0x000000000800857c       0x2c Drivers/STM32H7xx_HAL_Driver/Src/stm32h7xx_hal_rcc_ex.o
                0x000000000800857c                HAL_RCCEx_GetD3PCLK1Freq
 .text.HAL_RCCEx_GetPLL2ClockFreq
                0x00000000080085a8      0x298 Drivers/STM32H7xx_HAL_Driver/Src/stm32h7xx_hal_rcc_ex.o
                0x00000000080085a8                HAL_RCCEx_GetPLL2ClockFreq
 .text.HAL_RCCEx_GetPLL3ClockFreq
                0x0000000008008840      0x298 Drivers/STM32H7xx_HAL_Driver/Src/stm32h7xx_hal_rcc_ex.o
                0x0000000008008840                HAL_RCCEx_GetPLL3ClockFreq
 .text.HAL_RCCEx_GetPLL1ClockFreq
                0x0000000008008ad8      0x298 Drivers/STM32H7xx_HAL_Driver/Src/stm32h7xx_hal_rcc_ex.o
                0x0000000008008ad8                HAL_RCCEx_GetPLL1ClockFreq
 .text.HAL_RCCEx_GetD1SysClockFreq
                0x0000000008008d70       0x38 Drivers/STM32H7xx_HAL_Driver/Src/stm32h7xx_hal_rcc_ex.o
                0x0000000008008d70                HAL_RCCEx_GetD1SysClockFreq
 .text.RCCEx_PLL2_Config
                0x0000000008008da8      0x164 Drivers/STM32H7xx_HAL_Driver/Src/stm32h7xx_hal_rcc_ex.o
 .text.RCCEx_PLL3_Config
                0x0000000008008f0c      0x164 Drivers/STM32H7xx_HAL_Driver/Src/stm32h7xx_hal_rcc_ex.o
 .text.HAL_RTC_Init
                0x0000000008009070      0x138 Drivers/STM32H7xx_HAL_Driver/Src/stm32h7xx_hal_rtc.o
                0x0000000008009070                HAL_RTC_Init
 .text.HAL_RTC_WaitForSynchro
                0x00000000080091a8       0x4c Drivers/STM32H7xx_HAL_Driver/Src/stm32h7xx_hal_rtc.o
                0x00000000080091a8                HAL_RTC_WaitForSynchro
 .text.RTC_EnterInitMode
                0x00000000080091f4       0x54 Drivers/STM32H7xx_HAL_Driver/Src/stm32h7xx_hal_rtc.o
                0x00000000080091f4                RTC_EnterInitMode
 .text.HAL_SPI_Init
                0x0000000008009248      0x1f0 Drivers/STM32H7xx_HAL_Driver/Src/stm32h7xx_hal_spi.o
                0x0000000008009248                HAL_SPI_Init
 .text.SPI_GetPacketSize
                0x0000000008009438       0x36 Drivers/STM32H7xx_HAL_Driver/Src/stm32h7xx_hal_spi.o
 .text.HAL_TIM_PWM_Init
                0x000000000800946e       0x56 Drivers/STM32H7xx_HAL_Driver/Src/stm32h7xx_hal_tim.o
                0x000000000800946e                HAL_TIM_PWM_Init
 .text.HAL_TIM_PWM_ConfigChannel
                0x00000000080094c4      0x230 Drivers/STM32H7xx_HAL_Driver/Src/stm32h7xx_hal_tim.o
                0x00000000080094c4                HAL_TIM_PWM_ConfigChannel
 .text.TIM_Base_SetConfig
                0x00000000080096f4      0x134 Drivers/STM32H7xx_HAL_Driver/Src/stm32h7xx_hal_tim.o
                0x00000000080096f4                TIM_Base_SetConfig
 .text.TIM_OC1_SetConfig
                0x0000000008009828      0x120 Drivers/STM32H7xx_HAL_Driver/Src/stm32h7xx_hal_tim.o
 .text.TIM_OC2_SetConfig
                0x0000000008009948      0x114 Drivers/STM32H7xx_HAL_Driver/Src/stm32h7xx_hal_tim.o
                0x0000000008009948                TIM_OC2_SetConfig
 .text.TIM_OC3_SetConfig
                0x0000000008009a5c      0x10c Drivers/STM32H7xx_HAL_Driver/Src/stm32h7xx_hal_tim.o
 .text.TIM_OC4_SetConfig
                0x0000000008009b68       0xd0 Drivers/STM32H7xx_HAL_Driver/Src/stm32h7xx_hal_tim.o
 .text.TIM_OC5_SetConfig
                0x0000000008009c38       0xc4 Drivers/STM32H7xx_HAL_Driver/Src/stm32h7xx_hal_tim.o
 .text.TIM_OC6_SetConfig
                0x0000000008009cfc       0xc8 Drivers/STM32H7xx_HAL_Driver/Src/stm32h7xx_hal_tim.o
 .text.HAL_TIMEx_MasterConfigSynchronization
                0x0000000008009dc4      0x110 Drivers/STM32H7xx_HAL_Driver/Src/stm32h7xx_hal_tim_ex.o
                0x0000000008009dc4                HAL_TIMEx_MasterConfigSynchronization
 .text.HAL_TIMEx_ConfigBreakDeadTime
                0x0000000008009ed4       0xfc Drivers/STM32H7xx_HAL_Driver/Src/stm32h7xx_hal_tim_ex.o
                0x0000000008009ed4                HAL_TIMEx_ConfigBreakDeadTime
 .text.HAL_UART_Init
                0x0000000008009fd0       0xa0 Drivers/STM32H7xx_HAL_Driver/Src/stm32h7xx_hal_uart.o
                0x0000000008009fd0                HAL_UART_Init
 .text.UART_SetConfig
                0x000000000800a070     0x22fc Drivers/STM32H7xx_HAL_Driver/Src/stm32h7xx_hal_uart.o
                0x000000000800a070                UART_SetConfig
 .text.UART_AdvFeatureConfig
                0x000000000800c36c      0x144 Drivers/STM32H7xx_HAL_Driver/Src/stm32h7xx_hal_uart.o
                0x000000000800c36c                UART_AdvFeatureConfig
 .text.UART_CheckIdleState
                0x000000000800c4b0       0x90 Drivers/STM32H7xx_HAL_Driver/Src/stm32h7xx_hal_uart.o
                0x000000000800c4b0                UART_CheckIdleState
 .text.UART_WaitOnFlagUntilTimeout
                0x000000000800c540      0x100 Drivers/STM32H7xx_HAL_Driver/Src/stm32h7xx_hal_uart.o
                0x000000000800c540                UART_WaitOnFlagUntilTimeout
 .text.HAL_UARTEx_DisableFifoMode
                0x000000000800c640       0x72 Drivers/STM32H7xx_HAL_Driver/Src/stm32h7xx_hal_uart_ex.o
                0x000000000800c640                HAL_UARTEx_DisableFifoMode
 .text.HAL_UARTEx_SetTxFifoThreshold
                0x000000000800c6b2       0x7c Drivers/STM32H7xx_HAL_Driver/Src/stm32h7xx_hal_uart_ex.o
                0x000000000800c6b2                HAL_UARTEx_SetTxFifoThreshold
 .text.HAL_UARTEx_SetRxFifoThreshold
                0x000000000800c72e       0x7c Drivers/STM32H7xx_HAL_Driver/Src/stm32h7xx_hal_uart_ex.o
                0x000000000800c72e                HAL_UARTEx_SetRxFifoThreshold
 *fill*         0x000000000800c7aa        0x2 
 .text.UARTEx_SetNbDataToProcess
                0x000000000800c7ac       0xd0 Drivers/STM32H7xx_HAL_Driver/Src/stm32h7xx_hal_uart_ex.o
 .text.USB_CoreInit
                0x000000000800c87c       0xc4 Drivers/STM32H7xx_HAL_Driver/Src/stm32h7xx_ll_usb.o
                0x000000000800c87c                USB_CoreInit
 .text.USB_SetTurnaroundTime
                0x000000000800c940      0x144 Drivers/STM32H7xx_HAL_Driver/Src/stm32h7xx_ll_usb.o
                0x000000000800c940                USB_SetTurnaroundTime
 .text.USB_EnableGlobalInt
                0x000000000800ca84       0x22 Drivers/STM32H7xx_HAL_Driver/Src/stm32h7xx_ll_usb.o
                0x000000000800ca84                USB_EnableGlobalInt
 .text.USB_DisableGlobalInt
                0x000000000800caa6       0x22 Drivers/STM32H7xx_HAL_Driver/Src/stm32h7xx_ll_usb.o
                0x000000000800caa6                USB_DisableGlobalInt
 .text.USB_SetCurrentMode
                0x000000000800cac8       0x54 Drivers/STM32H7xx_HAL_Driver/Src/stm32h7xx_ll_usb.o
                0x000000000800cac8                USB_SetCurrentMode
 .text.USB_DevInit
                0x000000000800cb1c      0x2bc Drivers/STM32H7xx_HAL_Driver/Src/stm32h7xx_ll_usb.o
                0x000000000800cb1c                USB_DevInit
 .text.USB_FlushTxFifo
                0x000000000800cdd8       0x4c Drivers/STM32H7xx_HAL_Driver/Src/stm32h7xx_ll_usb.o
                0x000000000800cdd8                USB_FlushTxFifo
 .text.USB_FlushRxFifo
                0x000000000800ce24       0x44 Drivers/STM32H7xx_HAL_Driver/Src/stm32h7xx_ll_usb.o
                0x000000000800ce24                USB_FlushRxFifo
 .text.USB_SetDevSpeed
                0x000000000800ce68       0x32 Drivers/STM32H7xx_HAL_Driver/Src/stm32h7xx_ll_usb.o
                0x000000000800ce68                USB_SetDevSpeed
 .text.USB_GetDevSpeed
                0x000000000800ce9a       0x4a Drivers/STM32H7xx_HAL_Driver/Src/stm32h7xx_ll_usb.o
                0x000000000800ce9a                USB_GetDevSpeed
 .text.USB_ActivateEndpoint
                0x000000000800cee4      0x110 Drivers/STM32H7xx_HAL_Driver/Src/stm32h7xx_ll_usb.o
                0x000000000800cee4                USB_ActivateEndpoint
 .text.USB_DeactivateEndpoint
                0x000000000800cff4      0x108 Drivers/STM32H7xx_HAL_Driver/Src/stm32h7xx_ll_usb.o
                0x000000000800cff4                USB_DeactivateEndpoint
 .text.USB_EPStartXfer
                0x000000000800d0fc      0x498 Drivers/STM32H7xx_HAL_Driver/Src/stm32h7xx_ll_usb.o
                0x000000000800d0fc                USB_EPStartXfer
 .text.USB_EP0StartXfer
                0x000000000800d594      0x2b0 Drivers/STM32H7xx_HAL_Driver/Src/stm32h7xx_ll_usb.o
                0x000000000800d594                USB_EP0StartXfer
 .text.USB_WritePacket
                0x000000000800d844       0x6a Drivers/STM32H7xx_HAL_Driver/Src/stm32h7xx_ll_usb.o
                0x000000000800d844                USB_WritePacket
 .text.USB_ReadPacket
                0x000000000800d8ae       0x52 Drivers/STM32H7xx_HAL_Driver/Src/stm32h7xx_ll_usb.o
                0x000000000800d8ae                USB_ReadPacket
 .text.USB_EPSetStall
                0x000000000800d900       0xdc Drivers/STM32H7xx_HAL_Driver/Src/stm32h7xx_ll_usb.o
                0x000000000800d900                USB_EPSetStall
 .text.USB_EPClearStall
                0x000000000800d9dc       0xcc Drivers/STM32H7xx_HAL_Driver/Src/stm32h7xx_ll_usb.o
                0x000000000800d9dc                USB_EPClearStall
 .text.USB_SetDevAddress
                0x000000000800daa8       0x4c Drivers/STM32H7xx_HAL_Driver/Src/stm32h7xx_ll_usb.o
                0x000000000800daa8                USB_SetDevAddress
 .text.USB_DevConnect
                0x000000000800daf4       0x30 Drivers/STM32H7xx_HAL_Driver/Src/stm32h7xx_ll_usb.o
                0x000000000800daf4                USB_DevConnect
 .text.USB_DevDisconnect
                0x000000000800db24       0x30 Drivers/STM32H7xx_HAL_Driver/Src/stm32h7xx_ll_usb.o
                0x000000000800db24                USB_DevDisconnect
 .text.USB_ReadInterrupts
                0x000000000800db54       0x26 Drivers/STM32H7xx_HAL_Driver/Src/stm32h7xx_ll_usb.o
                0x000000000800db54                USB_ReadInterrupts
 .text.USB_ReadDevAllOutEpInterrupt
                0x000000000800db7a       0x34 Drivers/STM32H7xx_HAL_Driver/Src/stm32h7xx_ll_usb.o
                0x000000000800db7a                USB_ReadDevAllOutEpInterrupt
 .text.USB_ReadDevAllInEpInterrupt
                0x000000000800dbae       0x34 Drivers/STM32H7xx_HAL_Driver/Src/stm32h7xx_ll_usb.o
                0x000000000800dbae                USB_ReadDevAllInEpInterrupt
 .text.USB_ReadDevOutEPInterrupt
                0x000000000800dbe2       0x3c Drivers/STM32H7xx_HAL_Driver/Src/stm32h7xx_ll_usb.o
                0x000000000800dbe2                USB_ReadDevOutEPInterrupt
 .text.USB_ReadDevInEPInterrupt
                0x000000000800dc1e       0x5c Drivers/STM32H7xx_HAL_Driver/Src/stm32h7xx_ll_usb.o
                0x000000000800dc1e                USB_ReadDevInEPInterrupt
 .text.USB_GetMode
                0x000000000800dc7a       0x1c Drivers/STM32H7xx_HAL_Driver/Src/stm32h7xx_ll_usb.o
                0x000000000800dc7a                USB_GetMode
 *fill*         0x000000000800dc96        0x2 
 .text.USB_ActivateSetup
                0x000000000800dc98       0x48 Drivers/STM32H7xx_HAL_Driver/Src/stm32h7xx_ll_usb.o
                0x000000000800dc98                USB_ActivateSetup
 .text.USB_EP0_OutStart
                0x000000000800dce0       0xbc Drivers/STM32H7xx_HAL_Driver/Src/stm32h7xx_ll_usb.o
                0x000000000800dce0                USB_EP0_OutStart
 .text.USB_CoreReset
                0x000000000800dd9c       0x68 Drivers/STM32H7xx_HAL_Driver/Src/stm32h7xx_ll_usb.o
 .text.USBD_CDC_Init
                0x000000000800de04       0xf6 Middlewares/ST/STM32_USB_Device_Library/Class/CDC/Src/usbd_cdc.o
 .text.USBD_CDC_DeInit
                0x000000000800defa       0x6e Middlewares/ST/STM32_USB_Device_Library/Class/CDC/Src/usbd_cdc.o
 .text.USBD_CDC_Setup
                0x000000000800df68      0x140 Middlewares/ST/STM32_USB_Device_Library/Class/CDC/Src/usbd_cdc.o
 .text.USBD_CDC_DataIn
                0x000000000800e0a8       0xa6 Middlewares/ST/STM32_USB_Device_Library/Class/CDC/Src/usbd_cdc.o
 .text.USBD_CDC_DataOut
                0x000000000800e14e       0x56 Middlewares/ST/STM32_USB_Device_Library/Class/CDC/Src/usbd_cdc.o
 .text.USBD_CDC_EP0_RxReady
                0x000000000800e1a4       0x50 Middlewares/ST/STM32_USB_Device_Library/Class/CDC/Src/usbd_cdc.o
 .text.USBD_CDC_GetFSCfgDesc
                0x000000000800e1f4       0x20 Middlewares/ST/STM32_USB_Device_Library/Class/CDC/Src/usbd_cdc.o
 .text.USBD_CDC_GetHSCfgDesc
                0x000000000800e214       0x20 Middlewares/ST/STM32_USB_Device_Library/Class/CDC/Src/usbd_cdc.o
 .text.USBD_CDC_GetOtherSpeedCfgDesc
                0x000000000800e234       0x20 Middlewares/ST/STM32_USB_Device_Library/Class/CDC/Src/usbd_cdc.o
 .text.USBD_CDC_GetDeviceQualifierDescriptor
                0x000000000800e254       0x20 Middlewares/ST/STM32_USB_Device_Library/Class/CDC/Src/usbd_cdc.o
                0x000000000800e254                USBD_CDC_GetDeviceQualifierDescriptor
 .text.USBD_CDC_RegisterInterface
                0x000000000800e274       0x2e Middlewares/ST/STM32_USB_Device_Library/Class/CDC/Src/usbd_cdc.o
                0x000000000800e274                USBD_CDC_RegisterInterface
 .text.USBD_CDC_SetTxBuffer
                0x000000000800e2a2       0x34 Middlewares/ST/STM32_USB_Device_Library/Class/CDC/Src/usbd_cdc.o
                0x000000000800e2a2                USBD_CDC_SetTxBuffer
 .text.USBD_CDC_SetRxBuffer
                0x000000000800e2d6       0x28 Middlewares/ST/STM32_USB_Device_Library/Class/CDC/Src/usbd_cdc.o
                0x000000000800e2d6                USBD_CDC_SetRxBuffer
 .text.USBD_CDC_ReceivePacket
                0x000000000800e2fe       0x54 Middlewares/ST/STM32_USB_Device_Library/Class/CDC/Src/usbd_cdc.o
                0x000000000800e2fe                USBD_CDC_ReceivePacket
 .text.USBD_Init
                0x000000000800e352       0x56 Middlewares/ST/STM32_USB_Device_Library/Core/Src/usbd_core.o
                0x000000000800e352                USBD_Init
 .text.USBD_RegisterClass
                0x000000000800e3a8       0x34 Middlewares/ST/STM32_USB_Device_Library/Core/Src/usbd_core.o
                0x000000000800e3a8                USBD_RegisterClass
 .text.USBD_Start
                0x000000000800e3dc       0x18 Middlewares/ST/STM32_USB_Device_Library/Core/Src/usbd_core.o
                0x000000000800e3dc                USBD_Start
 .text.USBD_RunTestMode
                0x000000000800e3f4       0x16 Middlewares/ST/STM32_USB_Device_Library/Core/Src/usbd_core.o
                0x000000000800e3f4                USBD_RunTestMode
 .text.USBD_SetClassConfig
                0x000000000800e40a       0x3e Middlewares/ST/STM32_USB_Device_Library/Core/Src/usbd_core.o
                0x000000000800e40a                USBD_SetClassConfig
 .text.USBD_ClrClassConfig
                0x000000000800e448       0x26 Middlewares/ST/STM32_USB_Device_Library/Core/Src/usbd_core.o
                0x000000000800e448                USBD_ClrClassConfig
 .text.USBD_LL_SetupStage
                0x000000000800e46e       0x96 Middlewares/ST/STM32_USB_Device_Library/Core/Src/usbd_core.o
                0x000000000800e46e                USBD_LL_SetupStage
 .text.USBD_LL_DataOutStage
                0x000000000800e504       0xe2 Middlewares/ST/STM32_USB_Device_Library/Core/Src/usbd_core.o
                0x000000000800e504                USBD_LL_DataOutStage
 .text.USBD_LL_DataInStage
                0x000000000800e5e6      0x14a Middlewares/ST/STM32_USB_Device_Library/Core/Src/usbd_core.o
                0x000000000800e5e6                USBD_LL_DataInStage
 .text.USBD_LL_Reset
                0x000000000800e730       0x82 Middlewares/ST/STM32_USB_Device_Library/Core/Src/usbd_core.o
                0x000000000800e730                USBD_LL_Reset
 .text.USBD_LL_SetSpeed
                0x000000000800e7b2       0x20 Middlewares/ST/STM32_USB_Device_Library/Core/Src/usbd_core.o
                0x000000000800e7b2                USBD_LL_SetSpeed
 .text.USBD_LL_Suspend
                0x000000000800e7d2       0x2a Middlewares/ST/STM32_USB_Device_Library/Core/Src/usbd_core.o
                0x000000000800e7d2                USBD_LL_Suspend
 .text.USBD_LL_Resume
                0x000000000800e7fc       0x2c Middlewares/ST/STM32_USB_Device_Library/Core/Src/usbd_core.o
                0x000000000800e7fc                USBD_LL_Resume
 .text.USBD_LL_SOF
                0x000000000800e828       0x34 Middlewares/ST/STM32_USB_Device_Library/Core/Src/usbd_core.o
                0x000000000800e828                USBD_LL_SOF
 .text.USBD_LL_IsoINIncomplete
                0x000000000800e85c       0x1a Middlewares/ST/STM32_USB_Device_Library/Core/Src/usbd_core.o
                0x000000000800e85c                USBD_LL_IsoINIncomplete
 .text.USBD_LL_IsoOUTIncomplete
                0x000000000800e876       0x1a Middlewares/ST/STM32_USB_Device_Library/Core/Src/usbd_core.o
                0x000000000800e876                USBD_LL_IsoOUTIncomplete
 .text.USBD_LL_DevConnected
                0x000000000800e890       0x16 Middlewares/ST/STM32_USB_Device_Library/Core/Src/usbd_core.o
                0x000000000800e890                USBD_LL_DevConnected
 .text.USBD_LL_DevDisconnected
                0x000000000800e8a6       0x2e Middlewares/ST/STM32_USB_Device_Library/Core/Src/usbd_core.o
                0x000000000800e8a6                USBD_LL_DevDisconnected
 .text.USBD_StdDevReq
                0x000000000800e8d4       0xd4 Middlewares/ST/STM32_USB_Device_Library/Core/Src/usbd_ctlreq.o
                0x000000000800e8d4                USBD_StdDevReq
 .text.USBD_StdItfReq
                0x000000000800e9a8       0x8c Middlewares/ST/STM32_USB_Device_Library/Core/Src/usbd_ctlreq.o
                0x000000000800e9a8                USBD_StdItfReq
 .text.USBD_StdEPReq
                0x000000000800ea34      0x2ba Middlewares/ST/STM32_USB_Device_Library/Core/Src/usbd_ctlreq.o
                0x000000000800ea34                USBD_StdEPReq
 *fill*         0x000000000800ecee        0x2 
 .text.USBD_GetDescriptor
                0x000000000800ecf0      0x2d0 Middlewares/ST/STM32_USB_Device_Library/Core/Src/usbd_ctlreq.o
 .text.USBD_SetAddress
                0x000000000800efc0       0x84 Middlewares/ST/STM32_USB_Device_Library/Core/Src/usbd_ctlreq.o
 .text.USBD_SetConfig
                0x000000000800f044      0x11c Middlewares/ST/STM32_USB_Device_Library/Core/Src/usbd_ctlreq.o
 .text.USBD_GetConfig
                0x000000000800f160       0x68 Middlewares/ST/STM32_USB_Device_Library/Core/Src/usbd_ctlreq.o
 .text.USBD_GetStatus
                0x000000000800f1c8       0x66 Middlewares/ST/STM32_USB_Device_Library/Core/Src/usbd_ctlreq.o
 .text.USBD_SetFeature
                0x000000000800f22e       0x28 Middlewares/ST/STM32_USB_Device_Library/Core/Src/usbd_ctlreq.o
 .text.USBD_ClrFeature
                0x000000000800f256       0x42 Middlewares/ST/STM32_USB_Device_Library/Core/Src/usbd_ctlreq.o
 .text.USBD_ParseSetupRequest
                0x000000000800f298       0x7a Middlewares/ST/STM32_USB_Device_Library/Core/Src/usbd_ctlreq.o
                0x000000000800f298                USBD_ParseSetupRequest
 .text.USBD_CtlError
                0x000000000800f312       0x22 Middlewares/ST/STM32_USB_Device_Library/Core/Src/usbd_ctlreq.o
                0x000000000800f312                USBD_CtlError
 .text.USBD_GetString
                0x000000000800f334       0x84 Middlewares/ST/STM32_USB_Device_Library/Core/Src/usbd_ctlreq.o
                0x000000000800f334                USBD_GetString
 .text.USBD_GetLen
                0x000000000800f3b8       0x30 Middlewares/ST/STM32_USB_Device_Library/Core/Src/usbd_ctlreq.o
 .text.USBD_CtlSendData
                0x000000000800f3e8       0x38 Middlewares/ST/STM32_USB_Device_Library/Core/Src/usbd_ioreq.o
                0x000000000800f3e8                USBD_CtlSendData
 .text.USBD_CtlContinueSendData
                0x000000000800f420       0x24 Middlewares/ST/STM32_USB_Device_Library/Core/Src/usbd_ioreq.o
                0x000000000800f420                USBD_CtlContinueSendData
 .text.USBD_CtlPrepareRx
                0x000000000800f444       0x3c Middlewares/ST/STM32_USB_Device_Library/Core/Src/usbd_ioreq.o
                0x000000000800f444                USBD_CtlPrepareRx
 .text.USBD_CtlContinueRx
                0x000000000800f480       0x24 Middlewares/ST/STM32_USB_Device_Library/Core/Src/usbd_ioreq.o
                0x000000000800f480                USBD_CtlContinueRx
 .text.USBD_CtlSendStatus
                0x000000000800f4a4       0x26 Middlewares/ST/STM32_USB_Device_Library/Core/Src/usbd_ioreq.o
                0x000000000800f4a4                USBD_CtlSendStatus
 .text.USBD_CtlReceiveStatus
                0x000000000800f4ca       0x26 Middlewares/ST/STM32_USB_Device_Library/Core/Src/usbd_ioreq.o
                0x000000000800f4ca                USBD_CtlReceiveStatus
 .text.MX_USB_DEVICE_Init
                0x000000000800f4f0       0x64 USB_DEVICE/App/usb_device.o
                0x000000000800f4f0                MX_USB_DEVICE_Init
 .text.CDC_Init_FS
                0x000000000800f554       0x28 USB_DEVICE/App/usbd_cdc_if.o
 .text.CDC_DeInit_FS
                0x000000000800f57c       0x10 USB_DEVICE/App/usbd_cdc_if.o
 .text.CDC_Control_FS
                0x000000000800f58c       0xbc USB_DEVICE/App/usbd_cdc_if.o
 .text.CDC_Receive_FS
                0x000000000800f648       0x28 USB_DEVICE/App/usbd_cdc_if.o
 .text.USBD_FS_DeviceDescriptor
                0x000000000800f670       0x24 USB_DEVICE/App/usbd_desc.o
                0x000000000800f670                USBD_FS_DeviceDescriptor
 .text.USBD_FS_LangIDStrDescriptor
                0x000000000800f694       0x24 USB_DEVICE/App/usbd_desc.o
                0x000000000800f694                USBD_FS_LangIDStrDescriptor
 .text.USBD_FS_ProductStrDescriptor
                0x000000000800f6b8       0x3c USB_DEVICE/App/usbd_desc.o
                0x000000000800f6b8                USBD_FS_ProductStrDescriptor
 .text.USBD_FS_ManufacturerStrDescriptor
                0x000000000800f6f4       0x28 USB_DEVICE/App/usbd_desc.o
                0x000000000800f6f4                USBD_FS_ManufacturerStrDescriptor
 .text.USBD_FS_SerialStrDescriptor
                0x000000000800f71c       0x24 USB_DEVICE/App/usbd_desc.o
                0x000000000800f71c                USBD_FS_SerialStrDescriptor
 .text.USBD_FS_ConfigStrDescriptor
                0x000000000800f740       0x3c USB_DEVICE/App/usbd_desc.o
                0x000000000800f740                USBD_FS_ConfigStrDescriptor
 .text.USBD_FS_InterfaceStrDescriptor
                0x000000000800f77c       0x3c USB_DEVICE/App/usbd_desc.o
                0x000000000800f77c                USBD_FS_InterfaceStrDescriptor
 .text.Get_SerialNum
                0x000000000800f7b8       0x58 USB_DEVICE/App/usbd_desc.o
 .text.IntToUnicode
                0x000000000800f810       0x7c USB_DEVICE/App/usbd_desc.o
 .text.HAL_PCD_MspInit
                0x000000000800f88c       0xc0 USB_DEVICE/Target/usbd_conf.o
                0x000000000800f88c                HAL_PCD_MspInit
 .text.HAL_PCD_SetupStageCallback
                0x000000000800f94c       0x24 USB_DEVICE/Target/usbd_conf.o
                0x000000000800f94c                HAL_PCD_SetupStageCallback
 .text.HAL_PCD_DataOutStageCallback
                0x000000000800f970       0x36 USB_DEVICE/Target/usbd_conf.o
                0x000000000800f970                HAL_PCD_DataOutStageCallback
 .text.HAL_PCD_DataInStageCallback
                0x000000000800f9a6       0x34 USB_DEVICE/Target/usbd_conf.o
                0x000000000800f9a6                HAL_PCD_DataInStageCallback
 .text.HAL_PCD_SOFCallback
                0x000000000800f9da       0x1c USB_DEVICE/Target/usbd_conf.o
                0x000000000800f9da                HAL_PCD_SOFCallback
 .text.HAL_PCD_ResetCallback
                0x000000000800f9f6       0x50 USB_DEVICE/Target/usbd_conf.o
                0x000000000800f9f6                HAL_PCD_ResetCallback
 *fill*         0x000000000800fa46        0x2 
 .text.HAL_PCD_SuspendCallback
                0x000000000800fa48       0x4c USB_DEVICE/Target/usbd_conf.o
                0x000000000800fa48                HAL_PCD_SuspendCallback
 .text.HAL_PCD_ResumeCallback
                0x000000000800fa94       0x1c USB_DEVICE/Target/usbd_conf.o
                0x000000000800fa94                HAL_PCD_ResumeCallback
 .text.HAL_PCD_ISOOUTIncompleteCallback
                0x000000000800fab0       0x24 USB_DEVICE/Target/usbd_conf.o
                0x000000000800fab0                HAL_PCD_ISOOUTIncompleteCallback
 .text.HAL_PCD_ISOINIncompleteCallback
                0x000000000800fad4       0x24 USB_DEVICE/Target/usbd_conf.o
                0x000000000800fad4                HAL_PCD_ISOINIncompleteCallback
 .text.HAL_PCD_ConnectCallback
                0x000000000800faf8       0x1c USB_DEVICE/Target/usbd_conf.o
                0x000000000800faf8                HAL_PCD_ConnectCallback
 .text.HAL_PCD_DisconnectCallback
                0x000000000800fb14       0x1c USB_DEVICE/Target/usbd_conf.o
                0x000000000800fb14                HAL_PCD_DisconnectCallback
 .text.USBD_LL_Init
                0x000000000800fb30       0xa0 USB_DEVICE/Target/usbd_conf.o
                0x000000000800fb30                USBD_LL_Init
 .text.USBD_LL_Start
                0x000000000800fbd0       0x36 USB_DEVICE/Target/usbd_conf.o
                0x000000000800fbd0                USBD_LL_Start
 .text.USBD_LL_OpenEP
                0x000000000800fc06       0x4c USB_DEVICE/Target/usbd_conf.o
                0x000000000800fc06                USBD_LL_OpenEP
 .text.USBD_LL_CloseEP
                0x000000000800fc52       0x3e USB_DEVICE/Target/usbd_conf.o
                0x000000000800fc52                USBD_LL_CloseEP
 .text.USBD_LL_StallEP
                0x000000000800fc90       0x3e USB_DEVICE/Target/usbd_conf.o
                0x000000000800fc90                USBD_LL_StallEP
 .text.USBD_LL_ClearStallEP
                0x000000000800fcce       0x3e USB_DEVICE/Target/usbd_conf.o
                0x000000000800fcce                USBD_LL_ClearStallEP
 .text.USBD_LL_IsStallEP
                0x000000000800fd0c       0x58 USB_DEVICE/Target/usbd_conf.o
                0x000000000800fd0c                USBD_LL_IsStallEP
 .text.USBD_LL_SetUSBAddress
                0x000000000800fd64       0x3e USB_DEVICE/Target/usbd_conf.o
                0x000000000800fd64                USBD_LL_SetUSBAddress
 .text.USBD_LL_Transmit
                0x000000000800fda2       0x46 USB_DEVICE/Target/usbd_conf.o
                0x000000000800fda2                USBD_LL_Transmit
 .text.USBD_LL_PrepareReceive
                0x000000000800fde8       0x46 USB_DEVICE/Target/usbd_conf.o
                0x000000000800fde8                USBD_LL_PrepareReceive
 .text.USBD_LL_GetRxDataSize
                0x000000000800fe2e       0x26 USB_DEVICE/Target/usbd_conf.o
                0x000000000800fe2e                USBD_LL_GetRxDataSize
 .text.USBD_Get_USB_Status
                0x000000000800fe54       0x58 USB_DEVICE/Target/usbd_conf.o
                0x000000000800fe54                USBD_Get_USB_Status
 .text.__errno  0x000000000800feac        0xc c:/st/stm32cubeide_1.3.0/stm32cubeide/plugins/com.st.stm32cube.ide.mcu.externaltools.gnu-tools-for-stm32.7-2018-q2-update.win32_1.0.0.201904181610/tools/bin/../lib/gcc/arm-none-eabi/7.3.1/../../../../arm-none-eabi/lib/thumb/v7e-m/fpv5/hard\libc_nano.a(lib_a-errno.o)
                0x000000000800feac                __errno
 .text.__libc_init_array
                0x000000000800feb8       0x48 c:/st/stm32cubeide_1.3.0/stm32cubeide/plugins/com.st.stm32cube.ide.mcu.externaltools.gnu-tools-for-stm32.7-2018-q2-update.win32_1.0.0.201904181610/tools/bin/../lib/gcc/arm-none-eabi/7.3.1/../../../../arm-none-eabi/lib/thumb/v7e-m/fpv5/hard\libc_nano.a(lib_a-init.o)
                0x000000000800feb8                __libc_init_array
 .text.malloc   0x000000000800ff00       0x10 c:/st/stm32cubeide_1.3.0/stm32cubeide/plugins/com.st.stm32cube.ide.mcu.externaltools.gnu-tools-for-stm32.7-2018-q2-update.win32_1.0.0.201904181610/tools/bin/../lib/gcc/arm-none-eabi/7.3.1/../../../../arm-none-eabi/lib/thumb/v7e-m/fpv5/hard\libc_nano.a(lib_a-malloc.o)
                0x000000000800ff00                malloc
 .text.free     0x000000000800ff10       0x10 c:/st/stm32cubeide_1.3.0/stm32cubeide/plugins/com.st.stm32cube.ide.mcu.externaltools.gnu-tools-for-stm32.7-2018-q2-update.win32_1.0.0.201904181610/tools/bin/../lib/gcc/arm-none-eabi/7.3.1/../../../../arm-none-eabi/lib/thumb/v7e-m/fpv5/hard\libc_nano.a(lib_a-malloc.o)
                0x000000000800ff10                free
 .text.memset   0x000000000800ff20       0x10 c:/st/stm32cubeide_1.3.0/stm32cubeide/plugins/com.st.stm32cube.ide.mcu.externaltools.gnu-tools-for-stm32.7-2018-q2-update.win32_1.0.0.201904181610/tools/bin/../lib/gcc/arm-none-eabi/7.3.1/../../../../arm-none-eabi/lib/thumb/v7e-m/fpv5/hard\libc_nano.a(lib_a-memset.o)
                0x000000000800ff20                memset
 .text._free_r  0x000000000800ff30       0x9c c:/st/stm32cubeide_1.3.0/stm32cubeide/plugins/com.st.stm32cube.ide.mcu.externaltools.gnu-tools-for-stm32.7-2018-q2-update.win32_1.0.0.201904181610/tools/bin/../lib/gcc/arm-none-eabi/7.3.1/../../../../arm-none-eabi/lib/thumb/v7e-m/fpv5/hard\libc_nano.a(lib_a-nano-freer.o)
                0x000000000800ff30                _free_r
 .text._malloc_r
                0x000000000800ffcc       0xb4 c:/st/stm32cubeide_1.3.0/stm32cubeide/plugins/com.st.stm32cube.ide.mcu.externaltools.gnu-tools-for-stm32.7-2018-q2-update.win32_1.0.0.201904181610/tools/bin/../lib/gcc/arm-none-eabi/7.3.1/../../../../arm-none-eabi/lib/thumb/v7e-m/fpv5/hard\libc_nano.a(lib_a-nano-mallocr.o)
                0x000000000800ffcc                _malloc_r
 .text._sbrk_r  0x0000000008010080       0x20 c:/st/stm32cubeide_1.3.0/stm32cubeide/plugins/com.st.stm32cube.ide.mcu.externaltools.gnu-tools-for-stm32.7-2018-q2-update.win32_1.0.0.201904181610/tools/bin/../lib/gcc/arm-none-eabi/7.3.1/../../../../arm-none-eabi/lib/thumb/v7e-m/fpv5/hard\libc_nano.a(lib_a-sbrkr.o)
                0x0000000008010080                _sbrk_r
 .text.__malloc_lock
                0x00000000080100a0        0x2 c:/st/stm32cubeide_1.3.0/stm32cubeide/plugins/com.st.stm32cube.ide.mcu.externaltools.gnu-tools-for-stm32.7-2018-q2-update.win32_1.0.0.201904181610/tools/bin/../lib/gcc/arm-none-eabi/7.3.1/../../../../arm-none-eabi/lib/thumb/v7e-m/fpv5/hard\libc_nano.a(lib_a-mlock.o)
                0x00000000080100a0                __malloc_lock
 .text.__malloc_unlock
                0x00000000080100a2        0x2 c:/st/stm32cubeide_1.3.0/stm32cubeide/plugins/com.st.stm32cube.ide.mcu.externaltools.gnu-tools-for-stm32.7-2018-q2-update.win32_1.0.0.201904181610/tools/bin/../lib/gcc/arm-none-eabi/7.3.1/../../../../arm-none-eabi/lib/thumb/v7e-m/fpv5/hard\libc_nano.a(lib_a-mlock.o)
                0x00000000080100a2                __malloc_unlock
 *(.glue_7)
 .glue_7        0x00000000080100a4        0x0 linker stubs
 *(.glue_7t)
 .glue_7t       0x00000000080100a4        0x0 linker stubs
 *(.eh_frame)
 .eh_frame      0x00000000080100a4        0x0 c:/st/stm32cubeide_1.3.0/stm32cubeide/plugins/com.st.stm32cube.ide.mcu.externaltools.gnu-tools-for-stm32.7-2018-q2-update.win32_1.0.0.201904181610/tools/bin/../lib/gcc/arm-none-eabi/7.3.1/thumb/v7e-m/fpv5/hard/crtbegin.o
 *(.init)
 .init          0x00000000080100a4        0x4 c:/st/stm32cubeide_1.3.0/stm32cubeide/plugins/com.st.stm32cube.ide.mcu.externaltools.gnu-tools-for-stm32.7-2018-q2-update.win32_1.0.0.201904181610/tools/bin/../lib/gcc/arm-none-eabi/7.3.1/thumb/v7e-m/fpv5/hard/crti.o
                0x00000000080100a4                _init
 .init          0x00000000080100a8        0x8 c:/st/stm32cubeide_1.3.0/stm32cubeide/plugins/com.st.stm32cube.ide.mcu.externaltools.gnu-tools-for-stm32.7-2018-q2-update.win32_1.0.0.201904181610/tools/bin/../lib/gcc/arm-none-eabi/7.3.1/thumb/v7e-m/fpv5/hard/crtn.o
 *(.fini)
 .fini          0x00000000080100b0        0x4 c:/st/stm32cubeide_1.3.0/stm32cubeide/plugins/com.st.stm32cube.ide.mcu.externaltools.gnu-tools-for-stm32.7-2018-q2-update.win32_1.0.0.201904181610/tools/bin/../lib/gcc/arm-none-eabi/7.3.1/thumb/v7e-m/fpv5/hard/crti.o
                0x00000000080100b0                _fini
 .fini          0x00000000080100b4        0x8 c:/st/stm32cubeide_1.3.0/stm32cubeide/plugins/com.st.stm32cube.ide.mcu.externaltools.gnu-tools-for-stm32.7-2018-q2-update.win32_1.0.0.201904181610/tools/bin/../lib/gcc/arm-none-eabi/7.3.1/thumb/v7e-m/fpv5/hard/crtn.o
                0x00000000080100bc                . = ALIGN (0x4)
                0x00000000080100bc                _etext = .

.vfp11_veneer   0x00000000080100bc        0x0
 .vfp11_veneer  0x00000000080100bc        0x0 linker stubs

.v4_bx          0x00000000080100bc        0x0
 .v4_bx         0x00000000080100bc        0x0 linker stubs

.iplt           0x00000000080100bc        0x0
 .iplt          0x00000000080100bc        0x0 c:/st/stm32cubeide_1.3.0/stm32cubeide/plugins/com.st.stm32cube.ide.mcu.externaltools.gnu-tools-for-stm32.7-2018-q2-update.win32_1.0.0.201904181610/tools/bin/../lib/gcc/arm-none-eabi/7.3.1/thumb/v7e-m/fpv5/hard/crtbegin.o

.rodata         0x00000000080100bc       0x70
                0x00000000080100bc                . = ALIGN (0x4)
 *(.rodata)
 .rodata        0x00000000080100bc       0x10 Drivers/STM32H7xx_HAL_Driver/Src/stm32h7xx_hal_uart_ex.o
 .rodata        0x00000000080100cc       0x46 USB_DEVICE/App/usbd_desc.o
 *(.rodata*)
 *fill*         0x0000000008010112        0x2 
 .rodata.D1CorePrescTable
                0x0000000008010114       0x10 Core/Src/system_stm32h7xx.o
                0x0000000008010114                D1CorePrescTable
 .rodata.flagBitshiftOffset.12383
                0x0000000008010124        0x8 Drivers/STM32H7xx_HAL_Driver/Src/stm32h7xx_hal_dma.o
                0x000000000801012c                . = ALIGN (0x4)

.ARM.extab      0x000000000801012c        0x0
                0x000000000801012c                . = ALIGN (0x4)
 *(.ARM.extab* .gnu.linkonce.armextab.*)
                0x000000000801012c                . = ALIGN (0x4)

.ARM            0x000000000801012c        0x8
                0x000000000801012c                . = ALIGN (0x4)
                0x000000000801012c                __exidx_start = .
 *(.ARM.exidx*)
 .ARM.exidx     0x000000000801012c        0x8 c:/st/stm32cubeide_1.3.0/stm32cubeide/plugins/com.st.stm32cube.ide.mcu.externaltools.gnu-tools-for-stm32.7-2018-q2-update.win32_1.0.0.201904181610/tools/bin/../lib/gcc/arm-none-eabi/7.3.1/thumb/v7e-m/fpv5/hard\libgcc.a(_udivmoddi4.o)
                0x0000000008010134                __exidx_end = .
                0x0000000008010134                . = ALIGN (0x4)

.rel.dyn        0x0000000008010134        0x0
 .rel.iplt      0x0000000008010134        0x0 c:/st/stm32cubeide_1.3.0/stm32cubeide/plugins/com.st.stm32cube.ide.mcu.externaltools.gnu-tools-for-stm32.7-2018-q2-update.win32_1.0.0.201904181610/tools/bin/../lib/gcc/arm-none-eabi/7.3.1/thumb/v7e-m/fpv5/hard/crtbegin.o

.preinit_array  0x0000000008010134        0x0
                0x0000000008010134                . = ALIGN (0x4)
                0x0000000008010134                PROVIDE (__preinit_array_start = .)
 *(.preinit_array*)
                0x0000000008010134                PROVIDE (__preinit_array_end = .)
                0x0000000008010134                . = ALIGN (0x4)

.init_array     0x0000000008010134        0x4
                0x0000000008010134                . = ALIGN (0x4)
                0x0000000008010134                PROVIDE (__init_array_start = .)
 *(SORT_BY_NAME(.init_array.*))
 *(.init_array*)
 .init_array    0x0000000008010134        0x4 c:/st/stm32cubeide_1.3.0/stm32cubeide/plugins/com.st.stm32cube.ide.mcu.externaltools.gnu-tools-for-stm32.7-2018-q2-update.win32_1.0.0.201904181610/tools/bin/../lib/gcc/arm-none-eabi/7.3.1/thumb/v7e-m/fpv5/hard/crtbegin.o
                0x0000000008010138                PROVIDE (__init_array_end = .)
                0x0000000008010138                . = ALIGN (0x4)

.fini_array     0x0000000008010138        0x4
                0x0000000008010138                . = ALIGN (0x4)
                [!provide]                        PROVIDE (__fini_array_start = .)
 *(SORT_BY_NAME(.fini_array.*))
 *(.fini_array*)
 .fini_array    0x0000000008010138        0x4 c:/st/stm32cubeide_1.3.0/stm32cubeide/plugins/com.st.stm32cube.ide.mcu.externaltools.gnu-tools-for-stm32.7-2018-q2-update.win32_1.0.0.201904181610/tools/bin/../lib/gcc/arm-none-eabi/7.3.1/thumb/v7e-m/fpv5/hard/crtbegin.o
                [!provide]                        PROVIDE (__fini_array_end = .)
                0x000000000801013c                . = ALIGN (0x4)
                0x000000000801013c                _sidata = LOADADDR (.data)

.data           0x0000000024000000      0x1e4 load address 0x000000000801013c
                0x0000000024000000                . = ALIGN (0x4)
                0x0000000024000000                _sdata = .
 *(.data)
 *(.data*)
 .data.SystemCoreClock
                0x0000000024000000        0x4 Core/Src/system_stm32h7xx.o
                0x0000000024000000                SystemCoreClock
 .data.SystemD2Clock
                0x0000000024000004        0x4 Core/Src/system_stm32h7xx.o
                0x0000000024000004                SystemD2Clock
 .data.uwTickPrio
                0x0000000024000008        0x4 Drivers/STM32H7xx_HAL_Driver/Src/stm32h7xx_hal.o
                0x0000000024000008                uwTickPrio
 .data.uwTickFreq
                0x000000002400000c        0x1 Drivers/STM32H7xx_HAL_Driver/Src/stm32h7xx_hal.o
                0x000000002400000c                uwTickFreq
 *fill*         0x000000002400000d        0x3 
 .data.USBD_CDC_DeviceQualifierDesc
                0x0000000024000010        0xa Middlewares/ST/STM32_USB_Device_Library/Class/CDC/Src/usbd_cdc.o
 *fill*         0x000000002400001a        0x2 
 .data.USBD_CDC
                0x000000002400001c       0x38 Middlewares/ST/STM32_USB_Device_Library/Class/CDC/Src/usbd_cdc.o
                0x000000002400001c                USBD_CDC
 .data.USBD_CDC_CfgHSDesc
                0x0000000024000054       0x43 Middlewares/ST/STM32_USB_Device_Library/Class/CDC/Src/usbd_cdc.o
                0x0000000024000054                USBD_CDC_CfgHSDesc
 *fill*         0x0000000024000097        0x1 
 .data.USBD_CDC_CfgFSDesc
                0x0000000024000098       0x43 Middlewares/ST/STM32_USB_Device_Library/Class/CDC/Src/usbd_cdc.o
                0x0000000024000098                USBD_CDC_CfgFSDesc
 *fill*         0x00000000240000db        0x1 
 .data.USBD_CDC_OtherSpeedCfgDesc
                0x00000000240000dc       0x43 Middlewares/ST/STM32_USB_Device_Library/Class/CDC/Src/usbd_cdc.o
                0x00000000240000dc                USBD_CDC_OtherSpeedCfgDesc
 *fill*         0x000000002400011f        0x1 
 .data.USBD_Interface_fops_FS
                0x0000000024000120       0x10 USB_DEVICE/App/usbd_cdc_if.o
                0x0000000024000120                USBD_Interface_fops_FS
 .data.FS_Desc  0x0000000024000130       0x1c USB_DEVICE/App/usbd_desc.o
                0x0000000024000130                FS_Desc
 .data.USBD_FS_DeviceDesc
                0x000000002400014c       0x12 USB_DEVICE/App/usbd_desc.o
                0x000000002400014c                USBD_FS_DeviceDesc
 *fill*         0x000000002400015e        0x2 
 .data.USBD_LangIDDesc
                0x0000000024000160        0x4 USB_DEVICE/App/usbd_desc.o
                0x0000000024000160                USBD_LangIDDesc
 .data.USBD_StringSerial
                0x0000000024000164       0x1a USB_DEVICE/App/usbd_desc.o
                0x0000000024000164                USBD_StringSerial
 *fill*         0x000000002400017e        0x2 
 .data._impure_ptr
                0x0000000024000180        0x4 c:/st/stm32cubeide_1.3.0/stm32cubeide/plugins/com.st.stm32cube.ide.mcu.externaltools.gnu-tools-for-stm32.7-2018-q2-update.win32_1.0.0.201904181610/tools/bin/../lib/gcc/arm-none-eabi/7.3.1/../../../../arm-none-eabi/lib/thumb/v7e-m/fpv5/hard\libc_nano.a(lib_a-impure.o)
                0x0000000024000180                _impure_ptr
 .data.impure_data
                0x0000000024000184       0x60 c:/st/stm32cubeide_1.3.0/stm32cubeide/plugins/com.st.stm32cube.ide.mcu.externaltools.gnu-tools-for-stm32.7-2018-q2-update.win32_1.0.0.201904181610/tools/bin/../lib/gcc/arm-none-eabi/7.3.1/../../../../arm-none-eabi/lib/thumb/v7e-m/fpv5/hard\libc_nano.a(lib_a-impure.o)
                0x00000000240001e4                . = ALIGN (0x4)
                0x00000000240001e4                _edata = .

.igot.plt       0x00000000240001e4        0x0 load address 0x0000000008010320
 .igot.plt      0x00000000240001e4        0x0 c:/st/stm32cubeide_1.3.0/stm32cubeide/plugins/com.st.stm32cube.ide.mcu.externaltools.gnu-tools-for-stm32.7-2018-q2-update.win32_1.0.0.201904181610/tools/bin/../lib/gcc/arm-none-eabi/7.3.1/thumb/v7e-m/fpv5/hard/crtbegin.o
                0x00000000240001e4                . = ALIGN (0x4)

.bss            0x00000000240001e4     0x1c84 load address 0x0000000008010320
                0x00000000240001e4                _sbss = .
                0x00000000240001e4                __bss_start__ = _sbss
 *(.bss)
 .bss           0x00000000240001e4       0x1c c:/st/stm32cubeide_1.3.0/stm32cubeide/plugins/com.st.stm32cube.ide.mcu.externaltools.gnu-tools-for-stm32.7-2018-q2-update.win32_1.0.0.201904181610/tools/bin/../lib/gcc/arm-none-eabi/7.3.1/thumb/v7e-m/fpv5/hard/crtbegin.o
 *(.bss*)
 .bss.HAL_RCC_ADC12_CLK_ENABLED
                0x0000000024000200        0x4 Core/Src/stm32h7xx_hal_msp.o
 .bss.heap_end.6424
                0x0000000024000204        0x4 Core/Src/sysmem.o
 .bss.cfgidx.14048
                0x0000000024000208        0x1 Middlewares/ST/STM32_USB_Device_Library/Core/Src/usbd_ctlreq.o
 *fill*         0x0000000024000209        0x3 
 .bss.__malloc_free_list
                0x000000002400020c        0x4 c:/st/stm32cubeide_1.3.0/stm32cubeide/plugins/com.st.stm32cube.ide.mcu.externaltools.gnu-tools-for-stm32.7-2018-q2-update.win32_1.0.0.201904181610/tools/bin/../lib/gcc/arm-none-eabi/7.3.1/../../../../arm-none-eabi/lib/thumb/v7e-m/fpv5/hard\libc_nano.a(lib_a-nano-mallocr.o)
                0x000000002400020c                __malloc_free_list
 .bss.__malloc_sbrk_start
                0x0000000024000210        0x4 c:/st/stm32cubeide_1.3.0/stm32cubeide/plugins/com.st.stm32cube.ide.mcu.externaltools.gnu-tools-for-stm32.7-2018-q2-update.win32_1.0.0.201904181610/tools/bin/../lib/gcc/arm-none-eabi/7.3.1/../../../../arm-none-eabi/lib/thumb/v7e-m/fpv5/hard\libc_nano.a(lib_a-nano-mallocr.o)
                0x0000000024000210                __malloc_sbrk_start
 *(COMMON)
 COMMON         0x0000000024000214      0x540 Core/Src/main.o
                0x0000000024000214                htim8
                0x0000000024000254                hadc2
                0x00000000240002b8                hi2c1
                0x0000000024000304                hspi6
                0x000000002400038c                hspi3
                0x0000000024000414                huart5
                0x00000000240004a0                hadc1
                0x0000000024000504                hadc3
                0x0000000024000568                hspi4
                0x00000000240005f0                hrtc
                0x0000000024000614                htim1
                0x0000000024000654                hspi1
                0x00000000240006dc                hdma_uart5_rx
 COMMON         0x0000000024000754        0x4 Drivers/STM32H7xx_HAL_Driver/Src/stm32h7xx_hal.o
                0x0000000024000754                uwTick
 COMMON         0x0000000024000758      0x2c4 USB_DEVICE/App/usb_device.o
                0x0000000024000758                hUsbDeviceFS
 COMMON         0x0000000024000a1c     0x1000 USB_DEVICE/App/usbd_cdc_if.o
                0x0000000024000a1c                UserRxBufferFS
                0x000000002400121c                UserTxBufferFS
 COMMON         0x0000000024001a1c       0x40 USB_DEVICE/App/usbd_desc.o
                0x0000000024001a1c                USBD_StrDesc
 COMMON         0x0000000024001a5c      0x408 USB_DEVICE/Target/usbd_conf.o
                0x0000000024001a5c                hpcd_USB_OTG_FS
 COMMON         0x0000000024001e64        0x4 c:/st/stm32cubeide_1.3.0/stm32cubeide/plugins/com.st.stm32cube.ide.mcu.externaltools.gnu-tools-for-stm32.7-2018-q2-update.win32_1.0.0.201904181610/tools/bin/../lib/gcc/arm-none-eabi/7.3.1/../../../../arm-none-eabi/lib/thumb/v7e-m/fpv5/hard\libc_nano.a(lib_a-reent.o)
                0x0000000024001e64                errno
                0x0000000024001e68                . = ALIGN (0x4)
                0x0000000024001e68                _ebss = .
                0x0000000024001e68                __bss_end__ = _ebss

._user_heap_stack
                0x0000000024001e68      0x600 load address 0x0000000008010320
                0x0000000024001e68                . = ALIGN (0x8)
                0x0000000024001e68                PROVIDE (end = .)
                [!provide]                        PROVIDE (_end = .)
                0x0000000024002068                . = (. + _Min_Heap_Size)
 *fill*         0x0000000024001e68      0x200 
                0x0000000024002468                . = (. + _Min_Stack_Size)
 *fill*         0x0000000024002068      0x400 
                0x0000000024002468                . = ALIGN (0x8)

/DISCARD/
 libc.a(*)
 libm.a(*)
 libgcc.a(*)

.ARM.attributes
                0x0000000000000000       0x2e
 *(.ARM.attributes)
 .ARM.attributes
                0x0000000000000000       0x20 c:/st/stm32cubeide_1.3.0/stm32cubeide/plugins/com.st.stm32cube.ide.mcu.externaltools.gnu-tools-for-stm32.7-2018-q2-update.win32_1.0.0.201904181610/tools/bin/../lib/gcc/arm-none-eabi/7.3.1/thumb/v7e-m/fpv5/hard/crti.o
 .ARM.attributes
                0x0000000000000020       0x32 c:/st/stm32cubeide_1.3.0/stm32cubeide/plugins/com.st.stm32cube.ide.mcu.externaltools.gnu-tools-for-stm32.7-2018-q2-update.win32_1.0.0.201904181610/tools/bin/../lib/gcc/arm-none-eabi/7.3.1/thumb/v7e-m/fpv5/hard/crtbegin.o
 .ARM.attributes
                0x0000000000000052       0x37 Core/Src/main.o
 .ARM.attributes
                0x0000000000000089       0x37 Core/Src/stm32h7xx_hal_msp.o
 .ARM.attributes
                0x00000000000000c0       0x37 Core/Src/stm32h7xx_it.o
 .ARM.attributes
                0x00000000000000f7       0x37 Core/Src/sysmem.o
 .ARM.attributes
                0x000000000000012e       0x37 Core/Src/system_stm32h7xx.o
 .ARM.attributes
                0x0000000000000165       0x21 Core/Startup/startup_stm32h750vbtx.o
 .ARM.attributes
                0x0000000000000186       0x37 Drivers/STM32H7xx_HAL_Driver/Src/stm32h7xx_hal.o
 .ARM.attributes
                0x00000000000001bd       0x37 Drivers/STM32H7xx_HAL_Driver/Src/stm32h7xx_hal_adc.o
 .ARM.attributes
                0x00000000000001f4       0x37 Drivers/STM32H7xx_HAL_Driver/Src/stm32h7xx_hal_adc_ex.o
 .ARM.attributes
                0x000000000000022b       0x37 Drivers/STM32H7xx_HAL_Driver/Src/stm32h7xx_hal_cortex.o
 .ARM.attributes
                0x0000000000000262       0x37 Drivers/STM32H7xx_HAL_Driver/Src/stm32h7xx_hal_dma.o
 .ARM.attributes
                0x0000000000000299       0x37 Drivers/STM32H7xx_HAL_Driver/Src/stm32h7xx_hal_gpio.o
 .ARM.attributes
                0x00000000000002d0       0x37 Drivers/STM32H7xx_HAL_Driver/Src/stm32h7xx_hal_i2c.o
 .ARM.attributes
                0x0000000000000307       0x37 Drivers/STM32H7xx_HAL_Driver/Src/stm32h7xx_hal_i2c_ex.o
 .ARM.attributes
                0x000000000000033e       0x37 Drivers/STM32H7xx_HAL_Driver/Src/stm32h7xx_hal_pcd.o
 .ARM.attributes
                0x0000000000000375       0x37 Drivers/STM32H7xx_HAL_Driver/Src/stm32h7xx_hal_pcd_ex.o
 .ARM.attributes
                0x00000000000003ac       0x37 Drivers/STM32H7xx_HAL_Driver/Src/stm32h7xx_hal_pwr.o
 .ARM.attributes
                0x00000000000003e3       0x37 Drivers/STM32H7xx_HAL_Driver/Src/stm32h7xx_hal_pwr_ex.o
 .ARM.attributes
                0x000000000000041a       0x37 Drivers/STM32H7xx_HAL_Driver/Src/stm32h7xx_hal_rcc.o
 .ARM.attributes
                0x0000000000000451       0x37 Drivers/STM32H7xx_HAL_Driver/Src/stm32h7xx_hal_rcc_ex.o
 .ARM.attributes
                0x0000000000000488       0x37 Drivers/STM32H7xx_HAL_Driver/Src/stm32h7xx_hal_rtc.o
 .ARM.attributes
                0x00000000000004bf       0x37 Drivers/STM32H7xx_HAL_Driver/Src/stm32h7xx_hal_spi.o
 .ARM.attributes
                0x00000000000004f6       0x37 Drivers/STM32H7xx_HAL_Driver/Src/stm32h7xx_hal_tim.o
 .ARM.attributes
                0x000000000000052d       0x37 Drivers/STM32H7xx_HAL_Driver/Src/stm32h7xx_hal_tim_ex.o
 .ARM.attributes
                0x0000000000000564       0x37 Drivers/STM32H7xx_HAL_Driver/Src/stm32h7xx_hal_uart.o
 .ARM.attributes
                0x000000000000059b       0x37 Drivers/STM32H7xx_HAL_Driver/Src/stm32h7xx_hal_uart_ex.o
 .ARM.attributes
                0x00000000000005d2       0x37 Drivers/STM32H7xx_HAL_Driver/Src/stm32h7xx_ll_usb.o
 .ARM.attributes
                0x0000000000000609       0x37 Middlewares/ST/STM32_USB_Device_Library/Class/CDC/Src/usbd_cdc.o
 .ARM.attributes
                0x0000000000000640       0x37 Middlewares/ST/STM32_USB_Device_Library/Core/Src/usbd_core.o
 .ARM.attributes
                0x0000000000000677       0x37 Middlewares/ST/STM32_USB_Device_Library/Core/Src/usbd_ctlreq.o
 .ARM.attributes
                0x00000000000006ae       0x37 Middlewares/ST/STM32_USB_Device_Library/Core/Src/usbd_ioreq.o
 .ARM.attributes
                0x00000000000006e5       0x37 USB_DEVICE/App/usb_device.o
 .ARM.attributes
                0x000000000000071c       0x37 USB_DEVICE/App/usbd_cdc_if.o
 .ARM.attributes
                0x0000000000000753       0x37 USB_DEVICE/App/usbd_desc.o
 .ARM.attributes
                0x000000000000078a       0x37 USB_DEVICE/Target/usbd_conf.o
 .ARM.attributes
                0x00000000000007c1       0x32 c:/st/stm32cubeide_1.3.0/stm32cubeide/plugins/com.st.stm32cube.ide.mcu.externaltools.gnu-tools-for-stm32.7-2018-q2-update.win32_1.0.0.201904181610/tools/bin/../lib/gcc/arm-none-eabi/7.3.1/../../../../arm-none-eabi/lib/thumb/v7e-m/fpv5/hard\libc_nano.a(lib_a-errno.o)
 .ARM.attributes
                0x00000000000007f3       0x32 c:/st/stm32cubeide_1.3.0/stm32cubeide/plugins/com.st.stm32cube.ide.mcu.externaltools.gnu-tools-for-stm32.7-2018-q2-update.win32_1.0.0.201904181610/tools/bin/../lib/gcc/arm-none-eabi/7.3.1/../../../../arm-none-eabi/lib/thumb/v7e-m/fpv5/hard\libc_nano.a(lib_a-impure.o)
 .ARM.attributes
                0x0000000000000825       0x32 c:/st/stm32cubeide_1.3.0/stm32cubeide/plugins/com.st.stm32cube.ide.mcu.externaltools.gnu-tools-for-stm32.7-2018-q2-update.win32_1.0.0.201904181610/tools/bin/../lib/gcc/arm-none-eabi/7.3.1/../../../../arm-none-eabi/lib/thumb/v7e-m/fpv5/hard\libc_nano.a(lib_a-init.o)
 .ARM.attributes
                0x0000000000000857       0x32 c:/st/stm32cubeide_1.3.0/stm32cubeide/plugins/com.st.stm32cube.ide.mcu.externaltools.gnu-tools-for-stm32.7-2018-q2-update.win32_1.0.0.201904181610/tools/bin/../lib/gcc/arm-none-eabi/7.3.1/../../../../arm-none-eabi/lib/thumb/v7e-m/fpv5/hard\libc_nano.a(lib_a-malloc.o)
 .ARM.attributes
                0x0000000000000889       0x32 c:/st/stm32cubeide_1.3.0/stm32cubeide/plugins/com.st.stm32cube.ide.mcu.externaltools.gnu-tools-for-stm32.7-2018-q2-update.win32_1.0.0.201904181610/tools/bin/../lib/gcc/arm-none-eabi/7.3.1/../../../../arm-none-eabi/lib/thumb/v7e-m/fpv5/hard\libc_nano.a(lib_a-memset.o)
 .ARM.attributes
                0x00000000000008bb       0x32 c:/st/stm32cubeide_1.3.0/stm32cubeide/plugins/com.st.stm32cube.ide.mcu.externaltools.gnu-tools-for-stm32.7-2018-q2-update.win32_1.0.0.201904181610/tools/bin/../lib/gcc/arm-none-eabi/7.3.1/../../../../arm-none-eabi/lib/thumb/v7e-m/fpv5/hard\libc_nano.a(lib_a-nano-freer.o)
 .ARM.attributes
                0x00000000000008ed       0x32 c:/st/stm32cubeide_1.3.0/stm32cubeide/plugins/com.st.stm32cube.ide.mcu.externaltools.gnu-tools-for-stm32.7-2018-q2-update.win32_1.0.0.201904181610/tools/bin/../lib/gcc/arm-none-eabi/7.3.1/../../../../arm-none-eabi/lib/thumb/v7e-m/fpv5/hard\libc_nano.a(lib_a-nano-mallocr.o)
 .ARM.attributes
                0x000000000000091f       0x32 c:/st/stm32cubeide_1.3.0/stm32cubeide/plugins/com.st.stm32cube.ide.mcu.externaltools.gnu-tools-for-stm32.7-2018-q2-update.win32_1.0.0.201904181610/tools/bin/../lib/gcc/arm-none-eabi/7.3.1/../../../../arm-none-eabi/lib/thumb/v7e-m/fpv5/hard\libc_nano.a(lib_a-sbrkr.o)
 .ARM.attributes
                0x0000000000000951       0x32 c:/st/stm32cubeide_1.3.0/stm32cubeide/plugins/com.st.stm32cube.ide.mcu.externaltools.gnu-tools-for-stm32.7-2018-q2-update.win32_1.0.0.201904181610/tools/bin/../lib/gcc/arm-none-eabi/7.3.1/../../../../arm-none-eabi/lib/thumb/v7e-m/fpv5/hard\libc_nano.a(lib_a-mlock.o)
 .ARM.attributes
                0x0000000000000983       0x32 c:/st/stm32cubeide_1.3.0/stm32cubeide/plugins/com.st.stm32cube.ide.mcu.externaltools.gnu-tools-for-stm32.7-2018-q2-update.win32_1.0.0.201904181610/tools/bin/../lib/gcc/arm-none-eabi/7.3.1/../../../../arm-none-eabi/lib/thumb/v7e-m/fpv5/hard\libc_nano.a(lib_a-reent.o)
 .ARM.attributes
                0x00000000000009b5       0x20 c:/st/stm32cubeide_1.3.0/stm32cubeide/plugins/com.st.stm32cube.ide.mcu.externaltools.gnu-tools-for-stm32.7-2018-q2-update.win32_1.0.0.201904181610/tools/bin/../lib/gcc/arm-none-eabi/7.3.1/thumb/v7e-m/fpv5/hard\libgcc.a(_aeabi_uldivmod.o)
 .ARM.attributes
                0x00000000000009d5       0x32 c:/st/stm32cubeide_1.3.0/stm32cubeide/plugins/com.st.stm32cube.ide.mcu.externaltools.gnu-tools-for-stm32.7-2018-q2-update.win32_1.0.0.201904181610/tools/bin/../lib/gcc/arm-none-eabi/7.3.1/thumb/v7e-m/fpv5/hard\libgcc.a(_udivmoddi4.o)
 .ARM.attributes
                0x0000000000000a07       0x20 c:/st/stm32cubeide_1.3.0/stm32cubeide/plugins/com.st.stm32cube.ide.mcu.externaltools.gnu-tools-for-stm32.7-2018-q2-update.win32_1.0.0.201904181610/tools/bin/../lib/gcc/arm-none-eabi/7.3.1/thumb/v7e-m/fpv5/hard\libgcc.a(_dvmd_tls.o)
 .ARM.attributes
                0x0000000000000a27       0x20 c:/st/stm32cubeide_1.3.0/stm32cubeide/plugins/com.st.stm32cube.ide.mcu.externaltools.gnu-tools-for-stm32.7-2018-q2-update.win32_1.0.0.201904181610/tools/bin/../lib/gcc/arm-none-eabi/7.3.1/thumb/v7e-m/fpv5/hard/crtn.o
OUTPUT(H750VBT6-flight-board-v0.elf elf32-littlearm)

.debug_info     0x0000000000000000    0x38c39
 .debug_info    0x0000000000000000     0x35e6 Core/Src/main.o
 .debug_info    0x00000000000035e6     0x2b51 Core/Src/stm32h7xx_hal_msp.o
 .debug_info    0x0000000000006137     0x12c8 Core/Src/stm32h7xx_it.o
 .debug_info    0x00000000000073ff      0x91c Core/Src/sysmem.o
 .debug_info    0x0000000000007d1b     0x1322 Core/Src/system_stm32h7xx.o
 .debug_info    0x000000000000903d       0x22 Core/Startup/startup_stm32h750vbtx.o
 .debug_info    0x000000000000905f     0x1df5 Drivers/STM32H7xx_HAL_Driver/Src/stm32h7xx_hal.o
 .debug_info    0x000000000000ae54     0x25a1 Drivers/STM32H7xx_HAL_Driver/Src/stm32h7xx_hal_adc.o
 .debug_info    0x000000000000d3f5     0x26d6 Drivers/STM32H7xx_HAL_Driver/Src/stm32h7xx_hal_adc_ex.o
 .debug_info    0x000000000000facb     0x1a7a Drivers/STM32H7xx_HAL_Driver/Src/stm32h7xx_hal_cortex.o
 .debug_info    0x0000000000011545     0x14f6 Drivers/STM32H7xx_HAL_Driver/Src/stm32h7xx_hal_dma.o
 .debug_info    0x0000000000012a3b     0x1640 Drivers/STM32H7xx_HAL_Driver/Src/stm32h7xx_hal_gpio.o
 .debug_info    0x000000000001407b     0x2a0f Drivers/STM32H7xx_HAL_Driver/Src/stm32h7xx_hal_i2c.o
 .debug_info    0x0000000000016a8a     0x1714 Drivers/STM32H7xx_HAL_Driver/Src/stm32h7xx_hal_i2c_ex.o
 .debug_info    0x000000000001819e     0x1a8e Drivers/STM32H7xx_HAL_Driver/Src/stm32h7xx_hal_pcd.o
 .debug_info    0x0000000000019c2c     0x11f1 Drivers/STM32H7xx_HAL_Driver/Src/stm32h7xx_hal_pcd_ex.o
 .debug_info    0x000000000001ae1d     0x12b8 Drivers/STM32H7xx_HAL_Driver/Src/stm32h7xx_hal_pwr.o
 .debug_info    0x000000000001c0d5     0x1915 Drivers/STM32H7xx_HAL_Driver/Src/stm32h7xx_hal_pwr_ex.o
 .debug_info    0x000000000001d9ea     0x177e Drivers/STM32H7xx_HAL_Driver/Src/stm32h7xx_hal_rcc.o
 .debug_info    0x000000000001f168     0x18d9 Drivers/STM32H7xx_HAL_Driver/Src/stm32h7xx_hal_rcc_ex.o