stm32h7xx_hal.c:134:19:HAL_Init	8	static
stm32h7xx_hal.c:179:19:HAL_DeInit	8	static
stm32h7xx_hal.c:220:13:HAL_MspInit	4	static
stm32h7xx_hal.c:231:13:HAL_MspDeInit	4	static
stm32h7xx_hal.c:254:26:HAL_InitTick	16	static
stm32h7xx_hal.c:340:13:HAL_IncTick	4	static
stm32h7xx_hal.c:351:17:HAL_GetTick	4	static
stm32h7xx_hal.c:360:10:HAL_GetTickPrio	4	static
stm32h7xx_hal.c:369:19:HAL_SetTickFreq	24	static
stm32h7xx_hal.c:401:21:HAL_GetTickFreq	4	static
stm32h7xx_hal.c:417:13:HAL_Delay	24	static
stm32h7xx_hal.c:443:13:HAL_SuspendTick	4	static
stm32h7xx_hal.c:459:13:HAL_ResumeTick	4	static
stm32h7xx_hal.c:469:10:HAL_GetHalVersion	4	static
stm32h7xx_hal.c:478:10:HAL_GetREVID	4	static
stm32h7xx_hal.c:487:10:HAL_GetDEVID	4	static
stm32h7xx_hal.c:496:10:HAL_GetUIDw0	4	static
stm32h7xx_hal.c:505:10:HAL_GetUIDw1	4	static
stm32h7xx_hal.c:514:10:HAL_GetUIDw2	4	static
stm32h7xx_hal.c:533:6:HAL_SYSCFG_VREFBUF_VoltageScalingConfig	16	static
stm32h7xx_hal.c:549:6:HAL_SYSCFG_VREFBUF_HighImpedanceConfig	16	static
stm32h7xx_hal.c:561:6:HAL_SYSCFG_VREFBUF_TrimmingConfig	16	static
stm32h7xx_hal.c:573:19:HAL_SYSCFG_EnableVREFBUF	16	static
stm32h7xx_hal.c:599:6:HAL_SYSCFG_DisableVREFBUF	4	static
stm32h7xx_hal.c:613:6:HAL_SYSCFG_ETHInterfaceSelect	16	static
stm32h7xx_hal.c:643:6:HAL_SYSCFG_AnalogSwitchConfig	16	static
stm32h7xx_hal.c:661:6:HAL_SYSCFG_EnableBOOST	4	static
stm32h7xx_hal.c:673:6:HAL_SYSCFG_DisableBOOST	4	static
stm32h7xx_hal.c:689:6:HAL_SYSCFG_CM7BootAddConfig	16	static
stm32h7xx_hal.c:788:6:HAL_EnableCompensationCell	4	static
stm32h7xx_hal.c:799:6:HAL_DisableCompensationCell	4	static
stm32h7xx_hal.c:812:6:HAL_SYSCFG_EnableIOSpeedOptimize	4	static
stm32h7xx_hal.c:828:6:HAL_SYSCFG_DisableIOSpeedOptimize	4	static
stm32h7xx_hal.c:845:6:HAL_SYSCFG_CompensationCodeSelect	16	static
stm32h7xx_hal.c:862:6:HAL_SYSCFG_CompensationCodeConfig	16	static
stm32h7xx_hal.c:894:6:HAL_DBGMCU_EnableDBGSleepMode	4	static
stm32h7xx_hal.c:903:6:HAL_DBGMCU_DisableDBGSleepMode	4	static
stm32h7xx_hal.c:913:6:HAL_DBGMCU_EnableDBGStopMode	4	static
stm32h7xx_hal.c:922:6:HAL_DBGMCU_DisableDBGStopMode	4	static
stm32h7xx_hal.c:931:6:HAL_DBGMCU_EnableDBGStandbyMode	4	static
stm32h7xx_hal.c:940:6:HAL_DBGMCU_DisableDBGStandbyMode	4	static
stm32h7xx_hal.c:1005:6:HAL_EnableDomain3DBGStopMode	4	static
stm32h7xx_hal.c:1013:6:HAL_DisableDomain3DBGStopMode	4	static
stm32h7xx_hal.c:1022:6:HAL_EnableDomain3DBGStandbyMode	4	static
stm32h7xx_hal.c:1031:6:HAL_DisableDomain3DBGStandbyMode	4	static
stm32h7xx_hal.c:1042:6:HAL_SetFMCMemorySwappingConfig	16	static
stm32h7xx_hal.c:1054:10:HAL_GetFMCMemorySwappingConfig	4	static
stm32h7xx_hal.c:1071:6:HAL_EXTI_EdgeConfig	16	static
stm32h7xx_hal.c:1097:6:HAL_EXTI_GenerateSWInterrupt	16	static
stm32h7xx_hal.c:1112:6:HAL_EXTI_D1_ClearFlag	16	static
stm32h7xx_hal.c:1147:6:HAL_EXTI_D1_EventInputConfig	24	static
stm32h7xx_hal.c:1241:6:HAL_EXTI_D3_EventInputConfig	32	static
