stm32h7xx_hal_rcc_ex.c:98:19:HAL_RCCEx_PeriphCLKConfig	32	static
stm32h7xx_hal_rcc_ex.c:1545:6:HAL_RCCEx_GetPeriphCLKConfig	16	static
stm32h7xx_hal_rcc_ex.c:1725:10:HAL_RCCEx_GetPeriphCLKFreq	72	static
stm32h7xx_hal_rcc_ex.c:2406:10:HAL_RCCEx_GetD1PCLK1Freq	8	static
stm32h7xx_hal_rcc_ex.c:2423:10:HAL_RCCEx_GetD3PCLK1Freq	8	static
stm32h7xx_hal_rcc_ex.c:2447:6:HAL_RCCEx_GetPLL2ClockFreq	40	static
stm32h7xx_hal_rcc_ex.c:2516:6:HAL_RCCEx_GetPLL3ClockFreq	40	static
stm32h7xx_hal_rcc_ex.c:2584:6:HAL_RCCEx_GetPLL1ClockFreq	40	static
stm32h7xx_hal_rcc_ex.c:2645:10:HAL_RCCEx_GetD1SysClockFreq	8	static
stm32h7xx_hal_rcc_ex.c:2669:6:HAL_RCCEx_EnableLSECSS	4	static
stm32h7xx_hal_rcc_ex.c:2679:6:HAL_RCCEx_DisableLSECSS	4	static
stm32h7xx_hal_rcc_ex.c:2696:6:HAL_RCCEx_WakeUpStopCLKConfig	16	static
stm32h7xx_hal_rcc_ex.c:2711:6:HAL_RCCEx_KerWakeUpStopCLKConfig	16	static
stm32h7xx_hal_rcc_ex.c:2765:6:HAL_RCCEx_WWDGxSysResetConfig	16	static
stm32h7xx_hal_rcc_ex.c:2846:6:HAL_RCCEx_CRSConfig	24	static
stm32h7xx_hal_rcc_ex.c:2896:6:HAL_RCCEx_CRSSoftwareSynchronizationGenerate	4	static
stm32h7xx_hal_rcc_ex.c:2906:6:HAL_RCCEx_CRSGetSynchronizationInfo	16	static
stm32h7xx_hal_rcc_ex.c:2939:10:HAL_RCCEx_CRSWaitSynchronization	24	static
stm32h7xx_hal_rcc_ex.c:3022:6:HAL_RCCEx_CRS_IRQHandler	24	static
stm32h7xx_hal_rcc_ex.c:3087:13:HAL_RCCEx_CRS_SyncOkCallback	4	static
stm32h7xx_hal_rcc_ex.c:3098:13:HAL_RCCEx_CRS_SyncWarnCallback	4	static
stm32h7xx_hal_rcc_ex.c:3109:13:HAL_RCCEx_CRS_ExpectedSyncCallback	4	static
stm32h7xx_hal_rcc_ex.c:3125:13:HAL_RCCEx_CRS_ErrorCallback	16	static
stm32h7xx_hal_rcc_ex.c:3156:26:RCCEx_PLL2_Config	24	static
stm32h7xx_hal_rcc_ex.c:3261:26:RCCEx_PLL3_Config	24	static
