stm32h7xx_hal_rtc.c:227:19:HAL_RTC_Init	24	static
stm32h7xx_hal_rtc.c:394:19:HAL_RTC_DeInit	24	static
stm32h7xx_hal_rtc.c:846:13:HAL_RTC_MspInit	16	static
stm32h7xx_hal_rtc.c:861:13:HAL_RTC_MspDeInit	16	static
stm32h7xx_hal_rtc.c:899:19:HAL_RTC_SetTime	40	static
stm32h7xx_hal_rtc.c:1038:19:HAL_RTC_GetTime	32	static
stm32h7xx_hal_rtc.c:1082:19:HAL_RTC_SetDate	40	static
stm32h7xx_hal_rtc.c:1196:19:HAL_RTC_GetDate	32	static
stm32h7xx_hal_rtc.c:1250:19:HAL_RTC_SetAlarm	48	static
stm32h7xx_hal_rtc.c:1444:19:HAL_RTC_SetAlarm_IT	48	static
stm32h7xx_hal_rtc.c:1641:19:HAL_RTC_DeactivateAlarm	24	static
stm32h7xx_hal_rtc.c:1745:19:HAL_RTC_GetAlarm	32	static
stm32h7xx_hal_rtc.c:1806:6:HAL_RTC_AlarmIRQHandler	16	static
stm32h7xx_hal_rtc.c:1903:13:HAL_RTC_AlarmAEventCallback	16	static
stm32h7xx_hal_rtc.c:1919:19:HAL_RTC_PollForAlarmAEvent	24	static
stm32h7xx_hal_rtc.c:1978:19:HAL_RTC_WaitForSynchro	24	static
stm32h7xx_hal_rtc.c:2032:21:HAL_RTC_GetState	16	static
stm32h7xx_hal_rtc.c:2056:19:RTC_EnterInitMode	24	static
stm32h7xx_hal_rtc.c:2105:9:RTC_ByteToBcd2	24	static
stm32h7xx_hal_rtc.c:2124:9:RTC_Bcd2ToByte	24	static
