14:20:44 **** Build of configuration Debug for project H750VBT6-flight-board-v0 ****
make -j4 all 
arm-none-eabi-gcc "../USB_DEVICE/Target/usbd_conf.c" -mcpu=cortex-m7 -std=gnu11 -g3 -DSTM32H750xx -DUSE_HAL_DRIVER -DDEBUG -c -I../USB_DEVICE/Target -I../Drivers/CMSIS/Include -I../Core/Inc -I../Middlewares/ST/STM32_USB_Device_Library/Class/CDC/Inc -I../USB_DEVICE/App -I../Drivers/STM32H7xx_HAL_Driver/Inc/Legacy -I../Drivers/CMSIS/Device/ST/STM32H7xx/Include -I../Middlewares/ST/STM32_USB_Device_Library/Core/Inc -I../Drivers/STM32H7xx_HAL_Driver/Inc -O0 -ffunction-sections -fdata-sections -Wall -fstack-usage -MMD -MP -MF"USB_DEVICE/Target/usbd_conf.d" -MT"USB_DEVICE/Target/usbd_conf.o" --specs=nano.specs -mfpu=fpv5-d16 -mfloat-abi=hard -mthumb -o "USB_DEVICE/Target/usbd_conf.o"
arm-none-eabi-gcc "../USB_DEVICE/App/usb_device.c" -mcpu=cortex-m7 -std=gnu11 -g3 -DSTM32H750xx -DUSE_HAL_DRIVER -DDEBUG -c -I../USB_DEVICE/Target -I../Drivers/CMSIS/Include -I../Core/Inc -I../Middlewares/ST/STM32_USB_Device_Library/Class/CDC/Inc -I../USB_DEVICE/App -I../Drivers/STM32H7xx_HAL_Driver/Inc/Legacy -I../Drivers/CMSIS/Device/ST/STM32H7xx/Include -I../Middlewares/ST/STM32_USB_Device_Library/Core/Inc -I../Drivers/STM32H7xx_HAL_Driver/Inc -O0 -ffunction-sections -fdata-sections -Wall -fstack-usage -MMD -MP -MF"USB_DEVICE/App/usb_device.d" -MT"USB_DEVICE/App/usb_device.o" --specs=nano.specs -mfpu=fpv5-d16 -mfloat-abi=hard -mthumb -o "USB_DEVICE/App/usb_device.o"
arm-none-eabi-gcc "../USB_DEVICE/App/usbd_cdc_if.c" -mcpu=cortex-m7 -std=gnu11 -g3 -DSTM32H750xx -DUSE_HAL_DRIVER -DDEBUG -c -I../USB_DEVICE/Target -I../Drivers/CMSIS/Include -I../Core/Inc -I../Middlewares/ST/STM32_USB_Device_Library/Class/CDC/Inc -I../USB_DEVICE/App -I../Drivers/STM32H7xx_HAL_Driver/Inc/Legacy -I../Drivers/CMSIS/Device/ST/STM32H7xx/Include -I../Middlewares/ST/STM32_USB_Device_Library/Core/Inc -I../Drivers/STM32H7xx_HAL_Driver/Inc -O0 -ffunction-sections -fdata-sections -Wall -fstack-usage -MMD -MP -MF"USB_DEVICE/App/usbd_cdc_if.d" -MT"USB_DEVICE/App/usbd_cdc_if.o" --specs=nano.specs -mfpu=fpv5-d16 -mfloat-abi=hard -mthumb -o "USB_DEVICE/App/usbd_cdc_if.o"
arm-none-eabi-gcc "../USB_DEVICE/App/usbd_desc.c" -mcpu=cortex-m7 -std=gnu11 -g3 -DSTM32H750xx -DUSE_HAL_DRIVER -DDEBUG -c -I../USB_DEVICE/Target -I../Drivers/CMSIS/Include -I../Core/Inc -I../Middlewares/ST/STM32_USB_Device_Library/Class/CDC/Inc -I../USB_DEVICE/App -I../Drivers/STM32H7xx_HAL_Driver/Inc/Legacy -I../Drivers/CMSIS/Device/ST/STM32H7xx/Include -I../Middlewares/ST/STM32_USB_Device_Library/Core/Inc -I../Drivers/STM32H7xx_HAL_Driver/Inc -O0 -ffunction-sections -fdata-sections -Wall -fstack-usage -MMD -MP -MF"USB_DEVICE/App/usbd_desc.d" -MT"USB_DEVICE/App/usbd_desc.o" --specs=nano.specs -mfpu=fpv5-d16 -mfloat-abi=hard -mthumb -o "USB_DEVICE/App/usbd_desc.o"
arm-none-eabi-gcc "../Middlewares/ST/STM32_USB_Device_Library/Core/Src/usbd_core.c" -mcpu=cortex-m7 -std=gnu11 -g3 -DSTM32H750xx -DUSE_HAL_DRIVER -DDEBUG -c -I../USB_DEVICE/Target -I../Drivers/CMSIS/Include -I../Core/Inc -I../Middlewares/ST/STM32_USB_Device_Library/Class/CDC/Inc -I../USB_DEVICE/App -I../Drivers/STM32H7xx_HAL_Driver/Inc/Legacy -I../Drivers/CMSIS/Device/ST/STM32H7xx/Include -I../Middlewares/ST/STM32_USB_Device_Library/Core/Inc -I../Drivers/STM32H7xx_HAL_Driver/Inc -O0 -ffunction-sections -fdata-sections -Wall -fstack-usage -MMD -MP -MF"Middlewares/ST/STM32_USB_Device_Library/Core/Src/usbd_core.d" -MT"Middlewares/ST/STM32_USB_Device_Library/Core/Src/usbd_core.o" --specs=nano.specs -mfpu=fpv5-d16 -mfloat-abi=hard -mthumb -o "Middlewares/ST/STM32_USB_Device_Library/Core/Src/usbd_core.o"
arm-none-eabi-gcc "../Middlewares/ST/STM32_USB_Device_Library/Core/Src/usbd_ctlreq.c" -mcpu=cortex-m7 -std=gnu11 -g3 -DSTM32H750xx -DUSE_HAL_DRIVER -DDEBUG -c -I../USB_DEVICE/Target -I../Drivers/CMSIS/Include -I../Core/Inc -I../Middlewares/ST/STM32_USB_Device_Library/Class/CDC/Inc -I../USB_DEVICE/App -I../Drivers/STM32H7xx_HAL_Driver/Inc/Legacy -I../Drivers/CMSIS/Device/ST/STM32H7xx/Include -I../Middlewares/ST/STM32_USB_Device_Library/Core/Inc -I../Drivers/STM32H7xx_HAL_Driver/Inc -O0 -ffunction-sections -fdata-sections -Wall -fstack-usage -MMD -MP -MF"Middlewares/ST/STM32_USB_Device_Library/Core/Src/usbd_ctlreq.d" -MT"Middlewares/ST/STM32_USB_Device_Library/Core/Src/usbd_ctlreq.o" --specs=nano.specs -mfpu=fpv5-d16 -mfloat-abi=hard -mthumb -o "Middlewares/ST/STM32_USB_Device_Library/Core/Src/usbd_ctlreq.o"
arm-none-eabi-gcc "../Middlewares/ST/STM32_USB_Device_Library/Core/Src/usbd_ioreq.c" -mcpu=cortex-m7 -std=gnu11 -g3 -DSTM32H750xx -DUSE_HAL_DRIVER -DDEBUG -c -I../USB_DEVICE/Target -I../Drivers/CMSIS/Include -I../Core/Inc -I../Middlewares/ST/STM32_USB_Device_Library/Class/CDC/Inc -I../USB_DEVICE/App -I../Drivers/STM32H7xx_HAL_Driver/Inc/Legacy -I../Drivers/CMSIS/Device/ST/STM32H7xx/Include -I../Middlewares/ST/STM32_USB_Device_Library/Core/Inc -I../Drivers/STM32H7xx_HAL_Driver/Inc -O0 -ffunction-sections -fdata-sections -Wall -fstack-usage -MMD -MP -MF"Middlewares/ST/STM32_USB_Device_Library/Core/Src/usbd_ioreq.d" -MT"Middlewares/ST/STM32_USB_Device_Library/Core/Src/usbd_ioreq.o" --specs=nano.specs -mfpu=fpv5-d16 -mfloat-abi=hard -mthumb -o "Middlewares/ST/STM32_USB_Device_Library/Core/Src/usbd_ioreq.o"
arm-none-eabi-gcc "../Middlewares/ST/STM32_USB_Device_Library/Class/CDC/Src/usbd_cdc.c" -mcpu=cortex-m7 -std=gnu11 -g3 -DSTM32H750xx -DUSE_HAL_DRIVER -DDEBUG -c -I../USB_DEVICE/Target -I../Drivers/CMSIS/Include -I../Core/Inc -I../Middlewares/ST/STM32_USB_Device_Library/Class/CDC/Inc -I../USB_DEVICE/App -I../Drivers/STM32H7xx_HAL_Driver/Inc/Legacy -I../Drivers/CMSIS/Device/ST/STM32H7xx/Include -I../Middlewares/ST/STM32_USB_Device_Library/Core/Inc -I../Drivers/STM32H7xx_HAL_Driver/Inc -O0 -ffunction-sections -fdata-sections -Wall -fstack-usage -MMD -MP -MF"Middlewares/ST/STM32_USB_Device_Library/Class/CDC/Src/usbd_cdc.d" -MT"Middlewares/ST/STM32_USB_Device_Library/Class/CDC/Src/usbd_cdc.o" --specs=nano.specs -mfpu=fpv5-d16 -mfloat-abi=hard -mthumb -o "Middlewares/ST/STM32_USB_Device_Library/Class/CDC/Src/usbd_cdc.o"
arm-none-eabi-gcc "../Drivers/STM32H7xx_HAL_Driver/Src/stm32h7xx_hal.c" -mcpu=cortex-m7 -std=gnu11 -g3 -DSTM32H750xx -DUSE_HAL_DRIVER -DDEBUG -c -I../USB_DEVICE/Target -I../Drivers/CMSIS/Include -I../Core/Inc -I../Middlewares/ST/STM32_USB_Device_Library/Class/CDC/Inc -I../USB_DEVICE/App -I../Drivers/STM32H7xx_HAL_Driver/Inc/Legacy -I../Drivers/CMSIS/Device/ST/STM32H7xx/Include -I../Middlewares/ST/STM32_USB_Device_Library/Core/Inc -I../Drivers/STM32H7xx_HAL_Driver/Inc -O0 -ffunction-sections -fdata-sections -Wall -fstack-usage -MMD -MP -MF"Drivers/STM32H7xx_HAL_Driver/Src/stm32h7xx_hal.d" -MT"Drivers/STM32H7xx_HAL_Driver/Src/stm32h7xx_hal.o" --specs=nano.specs -mfpu=fpv5-d16 -mfloat-abi=hard -mthumb -o "Drivers/STM32H7xx_HAL_Driver/Src/stm32h7xx_hal.o"
arm-none-eabi-gcc "../Drivers/STM32H7xx_HAL_Driver/Src/stm32h7xx_hal_adc.c" -mcpu=cortex-m7 -std=gnu11 -g3 -DSTM32H750xx -DUSE_HAL_DRIVER -DDEBUG -c -I../USB_DEVICE/Target -I../Drivers/CMSIS/Include -I../Core/Inc -I../Middlewares/ST/STM32_USB_Device_Library/Class/CDC/Inc -I../USB_DEVICE/App -I../Drivers/STM32H7xx_HAL_Driver/Inc/Legacy -I../Drivers/CMSIS/Device/ST/STM32H7xx/Include -I../Middlewares/ST/STM32_USB_Device_Library/Core/Inc -I../Drivers/STM32H7xx_HAL_Driver/Inc -O0 -ffunction-sections -fdata-sections -Wall -fstack-usage -MMD -MP -MF"Drivers/STM32H7xx_HAL_Driver/Src/stm32h7xx_hal_adc.d" -MT"Drivers/STM32H7xx_HAL_Driver/Src/stm32h7xx_hal_adc.o" --specs=nano.specs -mfpu=fpv5-d16 -mfloat-abi=hard -mthumb -o "Drivers/STM32H7xx_HAL_Driver/Src/stm32h7xx_hal_adc.o"
arm-none-eabi-gcc "../Drivers/STM32H7xx_HAL_Driver/Src/stm32h7xx_hal_adc_ex.c" -mcpu=cortex-m7 -std=gnu11 -g3 -DSTM32H750xx -DUSE_HAL_DRIVER -DDEBUG -c -I../USB_DEVICE/Target -I../Drivers/CMSIS/Include -I../Core/Inc -I../Middlewares/ST/STM32_USB_Device_Library/Class/CDC/Inc -I../USB_DEVICE/App -I../Drivers/STM32H7xx_HAL_Driver/Inc/Legacy -I../Drivers/CMSIS/Device/ST/STM32H7xx/Include -I../Middlewares/ST/STM32_USB_Device_Library/Core/Inc -I../Drivers/STM32H7xx_HAL_Driver/Inc -O0 -ffunction-sections -fdata-sections -Wall -fstack-usage -MMD -MP -MF"Drivers/STM32H7xx_HAL_Driver/Src/stm32h7xx_hal_adc_ex.d" -MT"Drivers/STM32H7xx_HAL_Driver/Src/stm32h7xx_hal_adc_ex.o" --specs=nano.specs -mfpu=fpv5-d16 -mfloat-abi=hard -mthumb -o "Drivers/STM32H7xx_HAL_Driver/Src/stm32h7xx_hal_adc_ex.o"
arm-none-eabi-gcc "../Drivers/STM32H7xx_HAL_Driver/Src/stm32h7xx_hal_cortex.c" -mcpu=cortex-m7 -std=gnu11 -g3 -DSTM32H750xx -DUSE_HAL_DRIVER -DDEBUG -c -I../USB_DEVICE/Target -I../Drivers/CMSIS/Include -I../Core/Inc -I../Middlewares/ST/STM32_USB_Device_Library/Class/CDC/Inc -I../USB_DEVICE/App -I../Drivers/STM32H7xx_HAL_Driver/Inc/Legacy -I../Drivers/CMSIS/Device/ST/STM32H7xx/Include -I../Middlewares/ST/STM32_USB_Device_Library/Core/Inc -I../Drivers/STM32H7xx_HAL_Driver/Inc -O0 -ffunction-sections -fdata-sections -Wall -fstack-usage -MMD -MP -MF"Drivers/STM32H7xx_HAL_Driver/Src/stm32h7xx_hal_cortex.d" -MT"Drivers/STM32H7xx_HAL_Driver/Src/stm32h7xx_hal_cortex.o" --specs=nano.specs -mfpu=fpv5-d16 -mfloat-abi=hard -mthumb -o "Drivers/STM32H7xx_HAL_Driver/Src/stm32h7xx_hal_cortex.o"
arm-none-eabi-gcc "../Drivers/STM32H7xx_HAL_Driver/Src/stm32h7xx_hal_dma.c" -mcpu=cortex-m7 -std=gnu11 -g3 -DSTM32H750xx -DUSE_HAL_DRIVER -DDEBUG -c -I../USB_DEVICE/Target -I../Drivers/CMSIS/Include -I../Core/Inc -I../Middlewares/ST/STM32_USB_Device_Library/Class/CDC/Inc -I../USB_DEVICE/App -I../Drivers/STM32H7xx_HAL_Driver/Inc/Legacy -I../Drivers/CMSIS/Device/ST/STM32H7xx/Include -I../Middlewares/ST/STM32_USB_Device_Library/Core/Inc -I../Drivers/STM32H7xx_HAL_Driver/Inc -O0 -ffunction-sections -fdata-sections -Wall -fstack-usage -MMD -MP -MF"Drivers/STM32H7xx_HAL_Driver/Src/stm32h7xx_hal_dma.d" -MT"Drivers/STM32H7xx_HAL_Driver/Src/stm32h7xx_hal_dma.o" --specs=nano.specs -mfpu=fpv5-d16 -mfloat-abi=hard -mthumb -o "Drivers/STM32H7xx_HAL_Driver/Src/stm32h7xx_hal_dma.o"
arm-none-eabi-gcc "../Drivers/STM32H7xx_HAL_Driver/Src/stm32h7xx_hal_dma_ex.c" -mcpu=cortex-m7 -std=gnu11 -g3 -DSTM32H750xx -DUSE_HAL_DRIVER -DDEBUG -c -I../USB_DEVICE/Target -I../Drivers/CMSIS/Include -I../Core/Inc -I../Middlewares/ST/STM32_USB_Device_Library/Class/CDC/Inc -I../USB_DEVICE/App -I../Drivers/STM32H7xx_HAL_Driver/Inc/Legacy -I../Drivers/CMSIS/Device/ST/STM32H7xx/Include -I../Middlewares/ST/STM32_USB_Device_Library/Core/Inc -I../Drivers/STM32H7xx_HAL_Driver/Inc -O0 -ffunction-sections -fdata-sections -Wall -fstack-usage -MMD -MP -MF"Drivers/STM32H7xx_HAL_Driver/Src/stm32h7xx_hal_dma_ex.d" -MT"Drivers/STM32H7xx_HAL_Driver/Src/stm32h7xx_hal_dma_ex.o" --specs=nano.specs -mfpu=fpv5-d16 -mfloat-abi=hard -mthumb -o "Drivers/STM32H7xx_HAL_Driver/Src/stm32h7xx_hal_dma_ex.o"
arm-none-eabi-gcc "../Drivers/STM32H7xx_HAL_Driver/Src/stm32h7xx_hal_exti.c" -mcpu=cortex-m7 -std=gnu11 -g3 -DSTM32H750xx -DUSE_HAL_DRIVER -DDEBUG -c -I../USB_DEVICE/Target -I../Drivers/CMSIS/Include -I../Core/Inc -I../Middlewares/ST/STM32_USB_Device_Library/Class/CDC/Inc -I../USB_DEVICE/App -I../Drivers/STM32H7xx_HAL_Driver/Inc/Legacy -I../Drivers/CMSIS/Device/ST/STM32H7xx/Include -I../Middlewares/ST/STM32_USB_Device_Library/Core/Inc -I../Drivers/STM32H7xx_HAL_Driver/Inc -O0 -ffunction-sections -fdata-sections -Wall -fstack-usage -MMD -MP -MF"Drivers/STM32H7xx_HAL_Driver/Src/stm32h7xx_hal_exti.d" -MT"Drivers/STM32H7xx_HAL_Driver/Src/stm32h7xx_hal_exti.o" --specs=nano.specs -mfpu=fpv5-d16 -mfloat-abi=hard -mthumb -o "Drivers/STM32H7xx_HAL_Driver/Src/stm32h7xx_hal_exti.o"
arm-none-eabi-gcc "../Drivers/STM32H7xx_HAL_Driver/Src/stm32h7xx_hal_flash.c" -mcpu=cortex-m7 -std=gnu11 -g3 -DSTM32H750xx -DUSE_HAL_DRIVER -DDEBUG -c -I../USB_DEVICE/Target -I../Drivers/CMSIS/Include -I../Core/Inc -I../Middlewares/ST/STM32_USB_Device_Library/Class/CDC/Inc -I../USB_DEVICE/App -I../Drivers/STM32H7xx_HAL_Driver/Inc/Legacy -I../Drivers/CMSIS/Device/ST/STM32H7xx/Include -I../Middlewares/ST/STM32_USB_Device_Library/Core/Inc -I../Drivers/STM32H7xx_HAL_Driver/Inc -O0 -ffunction-sections -fdata-sections -Wall -fstack-usage -MMD -MP -MF"Drivers/STM32H7xx_HAL_Driver/Src/stm32h7xx_hal_flash.d" -MT"Drivers/STM32H7xx_HAL_Driver/Src/stm32h7xx_hal_flash.o" --specs=nano.specs -mfpu=fpv5-d16 -mfloat-abi=hard -mthumb -o "Drivers/STM32H7xx_HAL_Driver/Src/stm32h7xx_hal_flash.o"
arm-none-eabi-gcc "../Drivers/STM32H7xx_HAL_Driver/Src/stm32h7xx_hal_flash_ex.c" -mcpu=cortex-m7 -std=gnu11 -g3 -DSTM32H750xx -DUSE_HAL_DRIVER -DDEBUG -c -I../USB_DEVICE/Target -I../Drivers/CMSIS/Include -I../Core/Inc -I../Middlewares/ST/STM32_USB_Device_Library/Class/CDC/Inc -I../USB_DEVICE/App -I../Drivers/STM32H7xx_HAL_Driver/Inc/Legacy -I../Drivers/CMSIS/Device/ST/STM32H7xx/Include -I../Middlewares/ST/STM32_USB_Device_Library/Core/Inc -I../Drivers/STM32H7xx_HAL_Driver/Inc -O0 -ffunction-sections -fdata-sections -Wall -fstack-usage -MMD -MP -MF"Drivers/STM32H7xx_HAL_Driver/Src/stm32h7xx_hal_flash_ex.d" -MT"Drivers/STM32H7xx_HAL_Driver/Src/stm32h7xx_hal_flash_ex.o" --specs=nano.specs -mfpu=fpv5-d16 -mfloat-abi=hard -mthumb -o "Drivers/STM32H7xx_HAL_Driver/Src/stm32h7xx_hal_flash_ex.o"
arm-none-eabi-gcc "../Drivers/STM32H7xx_HAL_Driver/Src/stm32h7xx_hal_gpio.c" -mcpu=cortex-m7 -std=gnu11 -g3 -DSTM32H750xx -DUSE_HAL_DRIVER -DDEBUG -c -I../USB_DEVICE/Target -I../Drivers/CMSIS/Include -I../Core/Inc -I../Middlewares/ST/STM32_USB_Device_Library/Class/CDC/Inc -I../USB_DEVICE/App -I../Drivers/STM32H7xx_HAL_Driver/Inc/Legacy -I../Drivers/CMSIS/Device/ST/STM32H7xx/Include -I../Middlewares/ST/STM32_USB_Device_Library/Core/Inc -I../Drivers/STM32H7xx_HAL_Driver/Inc -O0 -ffunction-sections -fdata-sections -Wall -fstack-usage -MMD -MP -MF"Drivers/STM32H7xx_HAL_Driver/Src/stm32h7xx_hal_gpio.d" -MT"Drivers/STM32H7xx_HAL_Driver/Src/stm32h7xx_hal_gpio.o" --specs=nano.specs -mfpu=fpv5-d16 -mfloat-abi=hard -mthumb -o "Drivers/STM32H7xx_HAL_Driver/Src/stm32h7xx_hal_gpio.o"
arm-none-eabi-gcc "../Drivers/STM32H7xx_HAL_Driver/Src/stm32h7xx_hal_hsem.c" -mcpu=cortex-m7 -std=gnu11 -g3 -DSTM32H750xx -DUSE_HAL_DRIVER -DDEBUG -c -I../USB_DEVICE/Target -I../Drivers/CMSIS/Include -I../Core/Inc -I../Middlewares/ST/STM32_USB_Device_Library/Class/CDC/Inc -I../USB_DEVICE/App -I../Drivers/STM32H7xx_HAL_Driver/Inc/Legacy -I../Drivers/CMSIS/Device/ST/STM32H7xx/Include -I../Middlewares/ST/STM32_USB_Device_Library/Core/Inc -I../Drivers/STM32H7xx_HAL_Driver/Inc -O0 -ffunction-sections -fdata-sections -Wall -fstack-usage -MMD -MP -MF"Drivers/STM32H7xx_HAL_Driver/Src/stm32h7xx_hal_hsem.d" -MT"Drivers/STM32H7xx_HAL_Driver/Src/stm32h7xx_hal_hsem.o" --specs=nano.specs -mfpu=fpv5-d16 -mfloat-abi=hard -mthumb -o "Drivers/STM32H7xx_HAL_Driver/Src/stm32h7xx_hal_hsem.o"
arm-none-eabi-gcc "../Drivers/STM32H7xx_HAL_Driver/Src/stm32h7xx_hal_i2c.c" -mcpu=cortex-m7 -std=gnu11 -g3 -DSTM32H750xx -DUSE_HAL_DRIVER -DDEBUG -c -I../USB_DEVICE/Target -I../Drivers/CMSIS/Include -I../Core/Inc -I../Middlewares/ST/STM32_USB_Device_Library/Class/CDC/Inc -I../USB_DEVICE/App -I../Drivers/STM32H7xx_HAL_Driver/Inc/Legacy -I../Drivers/CMSIS/Device/ST/STM32H7xx/Include -I../Middlewares/ST/STM32_USB_Device_Library/Core/Inc -I../Drivers/STM32H7xx_HAL_Driver/Inc -O0 -ffunction-sections -fdata-sections -Wall -fstack-usage -MMD -MP -MF"Drivers/STM32H7xx_HAL_Driver/Src/stm32h7xx_hal_i2c.d" -MT"Drivers/STM32H7xx_HAL_Driver/Src/stm32h7xx_hal_i2c.o" --specs=nano.specs -mfpu=fpv5-d16 -mfloat-abi=hard -mthumb -o "Drivers/STM32H7xx_HAL_Driver/Src/stm32h7xx_hal_i2c.o"
arm-none-eabi-gcc "../Drivers/STM32H7xx_HAL_Driver/Src/stm32h7xx_hal_i2c_ex.c" -mcpu=cortex-m7 -std=gnu11 -g3 -DSTM32H750xx -DUSE_HAL_DRIVER -DDEBUG -c -I../USB_DEVICE/Target -I../Drivers/CMSIS/Include -I../Core/Inc -I../Middlewares/ST/STM32_USB_Device_Library/Class/CDC/Inc -I../USB_DEVICE/App -I../Drivers/STM32H7xx_HAL_Driver/Inc/Legacy -I../Drivers/CMSIS/Device/ST/STM32H7xx/Include -I../Middlewares/ST/STM32_USB_Device_Library/Core/Inc -I../Drivers/STM32H7xx_HAL_Driver/Inc -O0 -ffunction-sections -fdata-sections -Wall -fstack-usage -MMD -MP -MF"Drivers/STM32H7xx_HAL_Driver/Src/stm32h7xx_hal_i2c_ex.d" -MT"Drivers/STM32H7xx_HAL_Driver/Src/stm32h7xx_hal_i2c_ex.o" --specs=nano.specs -mfpu=fpv5-d16 -mfloat-abi=hard -mthumb -o "Drivers/STM32H7xx_HAL_Driver/Src/stm32h7xx_hal_i2c_ex.o"
arm-none-eabi-gcc "../Drivers/STM32H7xx_HAL_Driver/Src/stm32h7xx_hal_mdma.c" -mcpu=cortex-m7 -std=gnu11 -g3 -DSTM32H750xx -DUSE_HAL_DRIVER -DDEBUG -c -I../USB_DEVICE/Target -I../Drivers/CMSIS/Include -I../Core/Inc -I../Middlewares/ST/STM32_USB_Device_Library/Class/CDC/Inc -I../USB_DEVICE/App -I../Drivers/STM32H7xx_HAL_Driver/Inc/Legacy -I../Drivers/CMSIS/Device/ST/STM32H7xx/Include -I../Middlewares/ST/STM32_USB_Device_Library/Core/Inc -I../Drivers/STM32H7xx_HAL_Driver/Inc -O0 -ffunction-sections -fdata-sections -Wall -fstack-usage -MMD -MP -MF"Drivers/STM32H7xx_HAL_Driver/Src/stm32h7xx_hal_mdma.d" -MT"Drivers/STM32H7xx_HAL_Driver/Src/stm32h7xx_hal_mdma.o" --specs=nano.specs -mfpu=fpv5-d16 -mfloat-abi=hard -mthumb -o "Drivers/STM32H7xx_HAL_Driver/Src/stm32h7xx_hal_mdma.o"
arm-none-eabi-gcc "../Drivers/STM32H7xx_HAL_Driver/Src/stm32h7xx_hal_pcd.c" -mcpu=cortex-m7 -std=gnu11 -g3 -DSTM32H750xx -DUSE_HAL_DRIVER -DDEBUG -c -I../USB_DEVICE/Target -I../Drivers/CMSIS/Include -I../Core/Inc -I../Middlewares/ST/STM32_USB_Device_Library/Class/CDC/Inc -I../USB_DEVICE/App -I../Drivers/STM32H7xx_HAL_Driver/Inc/Legacy -I../Drivers/CMSIS/Device/ST/STM32H7xx/Include -I../Middlewares/ST/STM32_USB_Device_Library/Core/Inc -I../Drivers/STM32H7xx_HAL_Driver/Inc -O0 -ffunction-sections -fdata-sections -Wall -fstack-usage -MMD -MP -MF"Drivers/STM32H7xx_HAL_Driver/Src/stm32h7xx_hal_pcd.d" -MT"Drivers/STM32H7xx_HAL_Driver/Src/stm32h7xx_hal_pcd.o" --specs=nano.specs -mfpu=fpv5-d16 -mfloat-abi=hard -mthumb -o "Drivers/STM32H7xx_HAL_Driver/Src/stm32h7xx_hal_pcd.o"
arm-none-eabi-gcc "../Drivers/STM32H7xx_HAL_Driver/Src/stm32h7xx_hal_pcd_ex.c" -mcpu=cortex-m7 -std=gnu11 -g3 -DSTM32H750xx -DUSE_HAL_DRIVER -DDEBUG -c -I../USB_DEVICE/Target -I../Drivers/CMSIS/Include -I../Core/Inc -I../Middlewares/ST/STM32_USB_Device_Library/Class/CDC/Inc -I../USB_DEVICE/App -I../Drivers/STM32H7xx_HAL_Driver/Inc/Legacy -I../Drivers/CMSIS/Device/ST/STM32H7xx/Include -I../Middlewares/ST/STM32_USB_Device_Library/Core/Inc -I../Drivers/STM32H7xx_HAL_Driver/Inc -O0 -ffunction-sections -fdata-sections -Wall -fstack-usage -MMD -MP -MF"Drivers/STM32H7xx_HAL_Driver/Src/stm32h7xx_hal_pcd_ex.d" -MT"Drivers/STM32H7xx_HAL_Driver/Src/stm32h7xx_hal_pcd_ex.o" --specs=nano.specs -mfpu=fpv5-d16 -mfloat-abi=hard -mthumb -o "Drivers/STM32H7xx_HAL_Driver/Src/stm32h7xx_hal_pcd_ex.o"
arm-none-eabi-gcc "../Drivers/STM32H7xx_HAL_Driver/Src/stm32h7xx_hal_pwr.c" -mcpu=cortex-m7 -std=gnu11 -g3 -DSTM32H750xx -DUSE_HAL_DRIVER -DDEBUG -c -I../USB_DEVICE/Target -I../Drivers/CMSIS/Include -I../Core/Inc -I../Middlewares/ST/STM32_USB_Device_Library/Class/CDC/Inc -I../USB_DEVICE/App -I../Drivers/STM32H7xx_HAL_Driver/Inc/Legacy -I../Drivers/CMSIS/Device/ST/STM32H7xx/Include -I../Middlewares/ST/STM32_USB_Device_Library/Core/Inc -I../Drivers/STM32H7xx_HAL_Driver/Inc -O0 -ffunction-sections -fdata-sections -Wall -fstack-usage -MMD -MP -MF"Drivers/STM32H7xx_HAL_Driver/Src/stm32h7xx_hal_pwr.d" -MT"Drivers/STM32H7xx_HAL_Driver/Src/stm32h7xx_hal_pwr.o" --specs=nano.specs -mfpu=fpv5-d16 -mfloat-abi=hard -mthumb -o "Drivers/STM32H7xx_HAL_Driver/Src/stm32h7xx_hal_pwr.o"
arm-none-eabi-gcc "../Drivers/STM32H7xx_HAL_Driver/Src/stm32h7xx_hal_pwr_ex.c" -mcpu=cortex-m7 -std=gnu11 -g3 -DSTM32H750xx -DUSE_HAL_DRIVER -DDEBUG -c -I../USB_DEVICE/Target -I../Drivers/CMSIS/Include -I../Core/Inc -I../Middlewares/ST/STM32_USB_Device_Library/Class/CDC/Inc -I../USB_DEVICE/App -I../Drivers/STM32H7xx_HAL_Driver/Inc/Legacy -I../Drivers/CMSIS/Device/ST/STM32H7xx/Include -I../Middlewares/ST/STM32_USB_Device_Library/Core/Inc -I../Drivers/STM32H7xx_HAL_Driver/Inc -O0 -ffunction-sections -fdata-sections -Wall -fstack-usage -MMD -MP -MF"Drivers/STM32H7xx_HAL_Driver/Src/stm32h7xx_hal_pwr_ex.d" -MT"Drivers/STM32H7xx_HAL_Driver/Src/stm32h7xx_hal_pwr_ex.o" --specs=nano.specs -mfpu=fpv5-d16 -mfloat-abi=hard -mthumb -o "Drivers/STM32H7xx_HAL_Driver/Src/stm32h7xx_hal_pwr_ex.o"
arm-none-eabi-gcc "../Drivers/STM32H7xx_HAL_Driver/Src/stm32h7xx_hal_rcc.c" -mcpu=cortex-m7 -std=gnu11 -g3 -DSTM32H750xx -DUSE_HAL_DRIVER -DDEBUG -c -I../USB_DEVICE/Target -I../Drivers/CMSIS/Include -I../Core/Inc -I../Middlewares/ST/STM32_USB_Device_Library/Class/CDC/Inc -I../USB_DEVICE/App -I../Drivers/STM32H7xx_HAL_Driver/Inc/Legacy -I../Drivers/CMSIS/Device/ST/STM32H7xx/Include -I../Middlewares/ST/STM32_USB_Device_Library/Core/Inc -I../Drivers/STM32H7xx_HAL_Driver/Inc -O0 -ffunction-sections -fdata-sections -Wall -fstack-usage -MMD -MP -MF"Drivers/STM32H7xx_HAL_Driver/Src/stm32h7xx_hal_rcc.d" -MT"Drivers/STM32H7xx_HAL_Driver/Src/stm32h7xx_hal_rcc.o" --specs=nano.specs -mfpu=fpv5-d16 -mfloat-abi=hard -mthumb -o "Drivers/STM32H7xx_HAL_Driver/Src/stm32h7xx_hal_rcc.o"
arm-none-eabi-gcc "../Drivers/STM32H7xx_HAL_Driver/Src/stm32h7xx_hal_rcc_ex.c" -mcpu=cortex-m7 -std=gnu11 -g3 -DSTM32H750xx -DUSE_HAL_DRIVER -DDEBUG -c -I../USB_DEVICE/Target -I../Drivers/CMSIS/Include -I../Core/Inc -I../Middlewares/ST/STM32_USB_Device_Library/Class/CDC/Inc -I../USB_DEVICE/App -I../Drivers/STM32H7xx_HAL_Driver/Inc/Legacy -I../Drivers/CMSIS/Device/ST/STM32H7xx/Include -I../Middlewares/ST/STM32_USB_Device_Library/Core/Inc -I../Drivers/STM32H7xx_HAL_Driver/Inc -O0 -ffunction-sections -fdata-sections -Wall -fstack-usage -MMD -MP -MF"Drivers/STM32H7xx_HAL_Driver/Src/stm32h7xx_hal_rcc_ex.d" -MT"Drivers/STM32H7xx_HAL_Driver/Src/stm32h7xx_hal_rcc_ex.o" --specs=nano.specs -mfpu=fpv5-d16 -mfloat-abi=hard -mthumb -o "Drivers/STM32H7xx_HAL_Driver/Src/stm32h7xx_hal_rcc_ex.o"
arm-none-eabi-gcc "../Drivers/STM32H7xx_HAL_Driver/Src/stm32h7xx_hal_rtc.c" -mcpu=cortex-m7 -std=gnu11 -g3 -DSTM32H750xx -DUSE_HAL_DRIVER -DDEBUG -c -I../USB_DEVICE/Target -I../Drivers/CMSIS/Include -I../Core/Inc -I../Middlewares/ST/STM32_USB_Device_Library/Class/CDC/Inc -I../USB_DEVICE/App -I../Drivers/STM32H7xx_HAL_Driver/Inc/Legacy -I../Drivers/CMSIS/Device/ST/STM32H7xx/Include -I../Middlewares/ST/STM32_USB_Device_Library/Core/Inc -I../Drivers/STM32H7xx_HAL_Driver/Inc -O0 -ffunction-sections -fdata-sections -Wall -fstack-usage -MMD -MP -MF"Drivers/STM32H7xx_HAL_Driver/Src/stm32h7xx_hal_rtc.d" -MT"Drivers/STM32H7xx_HAL_Driver/Src/stm32h7xx_hal_rtc.o" --specs=nano.specs -mfpu=fpv5-d16 -mfloat-abi=hard -mthumb -o "Drivers/STM32H7xx_HAL_Driver/Src/stm32h7xx_hal_rtc.o"
arm-none-eabi-gcc "../Drivers/STM32H7xx_HAL_Driver/Src/stm32h7xx_hal_rtc_ex.c" -mcpu=cortex-m7 -std=gnu11 -g3 -DSTM32H750xx -DUSE_HAL_DRIVER -DDEBUG -c -I../USB_DEVICE/Target -I../Drivers/CMSIS/Include -I../Core/Inc -I../Middlewares/ST/STM32_USB_Device_Library/Class/CDC/Inc -I../USB_DEVICE/App -I../Drivers/STM32H7xx_HAL_Driver/Inc/Legacy -I../Drivers/CMSIS/Device/ST/STM32H7xx/Include -I../Middlewares/ST/STM32_USB_Device_Library/Core/Inc -I../Drivers/STM32H7xx_HAL_Driver/Inc -O0 -ffunction-sections -fdata-sections -Wall -fstack-usage -MMD -MP -MF"Drivers/STM32H7xx_HAL_Driver/Src/stm32h7xx_hal_rtc_ex.d" -MT"Drivers/STM32H7xx_HAL_Driver/Src/stm32h7xx_hal_rtc_ex.o" --specs=nano.specs -mfpu=fpv5-d16 -mfloat-abi=hard -mthumb -o "Drivers/STM32H7xx_HAL_Driver/Src/stm32h7xx_hal_rtc_ex.o"
arm-none-eabi-gcc "../Drivers/STM32H7xx_HAL_Driver/Src/stm32h7xx_hal_spi.c" -mcpu=cortex-m7 -std=gnu11 -g3 -DSTM32H750xx -DUSE_HAL_DRIVER -DDEBUG -c -I../USB_DEVICE/Target -I../Drivers/CMSIS/Include -I../Core/Inc -I../Middlewares/ST/STM32_USB_Device_Library/Class/CDC/Inc -I../USB_DEVICE/App -I../Drivers/STM32H7xx_HAL_Driver/Inc/Legacy -I../Drivers/CMSIS/Device/ST/STM32H7xx/Include -I../Middlewares/ST/STM32_USB_Device_Library/Core/Inc -I../Drivers/STM32H7xx_HAL_Driver/Inc -O0 -ffunction-sections -fdata-sections -Wall -fstack-usage -MMD -MP -MF"Drivers/STM32H7xx_HAL_Driver/Src/stm32h7xx_hal_spi.d" -MT"Drivers/STM32H7xx_HAL_Driver/Src/stm32h7xx_hal_spi.o" --specs=nano.specs -mfpu=fpv5-d16 -mfloat-abi=hard -mthumb -o "Drivers/STM32H7xx_HAL_Driver/Src/stm32h7xx_hal_spi.o"
arm-none-eabi-gcc "../Drivers/STM32H7xx_HAL_Driver/Src/stm32h7xx_hal_spi_ex.c" -mcpu=cortex-m7 -std=gnu11 -g3 -DSTM32H750xx -DUSE_HAL_DRIVER -DDEBUG -c -I../USB_DEVICE/Target -I../Drivers/CMSIS/Include -I../Core/Inc -I../Middlewares/ST/STM32_USB_Device_Library/Class/CDC/Inc -I../USB_DEVICE/App -I../Drivers/STM32H7xx_HAL_Driver/Inc/Legacy -I../Drivers/CMSIS/Device/ST/STM32H7xx/Include -I../Middlewares/ST/STM32_USB_Device_Library/Core/Inc -I../Drivers/STM32H7xx_HAL_Driver/Inc -O0 -ffunction-sections -fdata-sections -Wall -fstack-usage -MMD -MP -MF"Drivers/STM32H7xx_HAL_Driver/Src/stm32h7xx_hal_spi_ex.d" -MT"Drivers/STM32H7xx_HAL_Driver/Src/stm32h7xx_hal_spi_ex.o" --specs=nano.specs -mfpu=fpv5-d16 -mfloat-abi=hard -mthumb -o "Drivers/STM32H7xx_HAL_Driver/Src/stm32h7xx_hal_spi_ex.o"
arm-none-eabi-gcc "../Drivers/STM32H7xx_HAL_Driver/Src/stm32h7xx_hal_tim.c" -mcpu=cortex-m7 -std=gnu11 -g3 -DSTM32H750xx -DUSE_HAL_DRIVER -DDEBUG -c -I../USB_DEVICE/Target -I../Drivers/CMSIS/Include -I../Core/Inc -I../Middlewares/ST/STM32_USB_Device_Library/Class/CDC/Inc -I../USB_DEVICE/App -I../Drivers/STM32H7xx_HAL_Driver/Inc/Legacy -I../Drivers/CMSIS/Device/ST/STM32H7xx/Include -I../Middlewares/ST/STM32_USB_Device_Library/Core/Inc -I../Drivers/STM32H7xx_HAL_Driver/Inc -O0 -ffunction-sections -fdata-sections -Wall -fstack-usage -MMD -MP -MF"Drivers/STM32H7xx_HAL_Driver/Src/stm32h7xx_hal_tim.d" -MT"Drivers/STM32H7xx_HAL_Driver/Src/stm32h7xx_hal_tim.o" --specs=nano.specs -mfpu=fpv5-d16 -mfloat-abi=hard -mthumb -o "Drivers/STM32H7xx_HAL_Driver/Src/stm32h7xx_hal_tim.o"
arm-none-eabi-gcc "../Drivers/STM32H7xx_HAL_Driver/Src/stm32h7xx_hal_tim_ex.c" -mcpu=cortex-m7 -std=gnu11 -g3 -DSTM32H750xx -DUSE_HAL_DRIVER -DDEBUG -c -I../USB_DEVICE/Target -I../Drivers/CMSIS/Include -I../Core/Inc -I../Middlewares/ST/STM32_USB_Device_Library/Class/CDC/Inc -I../USB_DEVICE/App -I../Drivers/STM32H7xx_HAL_Driver/Inc/Legacy -I../Drivers/CMSIS/Device/ST/STM32H7xx/Include -I../Middlewares/ST/STM32_USB_Device_Library/Core/Inc -I../Drivers/STM32H7xx_HAL_Driver/Inc -O0 -ffunction-sections -fdata-sections -Wall -fstack-usage -MMD -MP -MF"Drivers/STM32H7xx_HAL_Driver/Src/stm32h7xx_hal_tim_ex.d" -MT"Drivers/STM32H7xx_HAL_Driver/Src/stm32h7xx_hal_tim_ex.o" --specs=nano.specs -mfpu=fpv5-d16 -mfloat-abi=hard -mthumb -o "Drivers/STM32H7xx_HAL_Driver/Src/stm32h7xx_hal_tim_ex.o"
arm-none-eabi-gcc "../Drivers/STM32H7xx_HAL_Driver/Src/stm32h7xx_hal_uart.c" -mcpu=cortex-m7 -std=gnu11 -g3 -DSTM32H750xx -DUSE_HAL_DRIVER -DDEBUG -c -I../USB_DEVICE/Target -I../Drivers/CMSIS/Include -I../Core/Inc -I../Middlewares/ST/STM32_USB_Device_Library/Class/CDC/Inc -I../USB_DEVICE/App -I../Drivers/STM32H7xx_HAL_Driver/Inc/Legacy -I../Drivers/CMSIS/Device/ST/STM32H7xx/Include -I../Middlewares/ST/STM32_USB_Device_Library/Core/Inc -I../Drivers/STM32H7xx_HAL_Driver/Inc -O0 -ffunction-sections -fdata-sections -Wall -fstack-usage -MMD -MP -MF"Drivers/STM32H7xx_HAL_Driver/Src/stm32h7xx_hal_uart.d" -MT"Drivers/STM32H7xx_HAL_Driver/Src/stm32h7xx_hal_uart.o" --specs=nano.specs -mfpu=fpv5-d16 -mfloat-abi=hard -mthumb -o "Drivers/STM32H7xx_HAL_Driver/Src/stm32h7xx_hal_uart.o"
arm-none-eabi-gcc "../Drivers/STM32H7xx_HAL_Driver/Src/stm32h7xx_hal_uart_ex.c" -mcpu=cortex-m7 -std=gnu11 -g3 -DSTM32H750xx -DUSE_HAL_DRIVER -DDEBUG -c -I../USB_DEVICE/Target -I../Drivers/CMSIS/Include -I../Core/Inc -I../Middlewares/ST/STM32_USB_Device_Library/Class/CDC/Inc -I../USB_DEVICE/App -I../Drivers/STM32H7xx_HAL_Driver/Inc/Legacy -I../Drivers/CMSIS/Device/ST/STM32H7xx/Include -I../Middlewares/ST/STM32_USB_Device_Library/Core/Inc -I../Drivers/STM32H7xx_HAL_Driver/Inc -O0 -ffunction-sections -fdata-sections -Wall -fstack-usage -MMD -MP -MF"Drivers/STM32H7xx_HAL_Driver/Src/stm32h7xx_hal_uart_ex.d" -MT"Drivers/STM32H7xx_HAL_Driver/Src/stm32h7xx_hal_uart_ex.o" --specs=nano.specs -mfpu=fpv5-d16 -mfloat-abi=hard -mthumb -o "Drivers/STM32H7xx_HAL_Driver/Src/stm32h7xx_hal_uart_ex.o"
arm-none-eabi-gcc "../Drivers/STM32H7xx_HAL_Driver/Src/stm32h7xx_ll_usb.c" -mcpu=cortex-m7 -std=gnu11 -g3 -DSTM32H750xx -DUSE_HAL_DRIVER -DDEBUG -c -I../USB_DEVICE/Target -I../Drivers/CMSIS/Include -I../Core/Inc -I../Middlewares/ST/STM32_USB_Device_Library/Class/CDC/Inc -I../USB_DEVICE/App -I../Drivers/STM32H7xx_HAL_Driver/Inc/Legacy -I../Drivers/CMSIS/Device/ST/STM32H7xx/Include -I../Middlewares/ST/STM32_USB_Device_Library/Core/Inc -I../Drivers/STM32H7xx_HAL_Driver/Inc -O0 -ffunction-sections -fdata-sections -Wall -fstack-usage -MMD -MP -MF"Drivers/STM32H7xx_HAL_Driver/Src/stm32h7xx_ll_usb.d" -MT"Drivers/STM32H7xx_HAL_Driver/Src/stm32h7xx_ll_usb.o" --specs=nano.specs -mfpu=fpv5-d16 -mfloat-abi=hard -mthumb -o "Drivers/STM32H7xx_HAL_Driver/Src/stm32h7xx_ll_usb.o"
arm-none-eabi-gcc -mcpu=cortex-m7 -g3 -c -x assembler-with-cpp --specs=nano.specs -mfpu=fpv5-d16 -mfloat-abi=hard -mthumb -o "Core/Startup/startup_stm32h750vbtx.o" "../Core/Startup/startup_stm32h750vbtx.s"
arm-none-eabi-gcc "../Core/Src/main.c" -mcpu=cortex-m7 -std=gnu11 -g3 -DSTM32H750xx -DUSE_HAL_DRIVER -DDEBUG -c -I../USB_DEVICE/Target -I../Drivers/CMSIS/Include -I../Core/Inc -I../Middlewares/ST/STM32_USB_Device_Library/Class/CDC/Inc -I../USB_DEVICE/App -I../Drivers/STM32H7xx_HAL_Driver/Inc/Legacy -I../Drivers/CMSIS/Device/ST/STM32H7xx/Include -I../Middlewares/ST/STM32_USB_Device_Library/Core/Inc -I../Drivers/STM32H7xx_HAL_Driver/Inc -O0 -ffunction-sections -fdata-sections -Wall -fstack-usage -MMD -MP -MF"Core/Src/main.d" -MT"Core/Src/main.o" --specs=nano.specs -mfpu=fpv5-d16 -mfloat-abi=hard -mthumb -o "Core/Src/main.o"
arm-none-eabi-gcc "../Core/Src/stm32h7xx_hal_msp.c" -mcpu=cortex-m7 -std=gnu11 -g3 -DSTM32H750xx -DUSE_HAL_DRIVER -DDEBUG -c -I../USB_DEVICE/Target -I../Drivers/CMSIS/Include -I../Core/Inc -I../Middlewares/ST/STM32_USB_Device_Library/Class/CDC/Inc -I../USB_DEVICE/App -I../Drivers/STM32H7xx_HAL_Driver/Inc/Legacy -I../Drivers/CMSIS/Device/ST/STM32H7xx/Include -I../Middlewares/ST/STM32_USB_Device_Library/Core/Inc -I../Drivers/STM32H7xx_HAL_Driver/Inc -O0 -ffunction-sections -fdata-sections -Wall -fstack-usage -MMD -MP -MF"Core/Src/stm32h7xx_hal_msp.d" -MT"Core/Src/stm32h7xx_hal_msp.o" --specs=nano.specs -mfpu=fpv5-d16 -mfloat-abi=hard -mthumb -o "Core/Src/stm32h7xx_hal_msp.o"
arm-none-eabi-gcc "../Core/Src/stm32h7xx_it.c" -mcpu=cortex-m7 -std=gnu11 -g3 -DSTM32H750xx -DUSE_HAL_DRIVER -DDEBUG -c -I../USB_DEVICE/Target -I../Drivers/CMSIS/Include -I../Core/Inc -I../Middlewares/ST/STM32_USB_Device_Library/Class/CDC/Inc -I../USB_DEVICE/App -I../Drivers/STM32H7xx_HAL_Driver/Inc/Legacy -I../Drivers/CMSIS/Device/ST/STM32H7xx/Include -I../Middlewares/ST/STM32_USB_Device_Library/Core/Inc -I../Drivers/STM32H7xx_HAL_Driver/Inc -O0 -ffunction-sections -fdata-sections -Wall -fstack-usage -MMD -MP -MF"Core/Src/stm32h7xx_it.d" -MT"Core/Src/stm32h7xx_it.o" --specs=nano.specs -mfpu=fpv5-d16 -mfloat-abi=hard -mthumb -o "Core/Src/stm32h7xx_it.o"
arm-none-eabi-gcc "../Core/Src/syscalls.c" -mcpu=cortex-m7 -std=gnu11 -g3 -DSTM32H750xx -DUSE_HAL_DRIVER -DDEBUG -c -I../USB_DEVICE/Target -I../Drivers/CMSIS/Include -I../Core/Inc -I../Middlewares/ST/STM32_USB_Device_Library/Class/CDC/Inc -I../USB_DEVICE/App -I../Drivers/STM32H7xx_HAL_Driver/Inc/Legacy -I../Drivers/CMSIS/Device/ST/STM32H7xx/Include -I../Middlewares/ST/STM32_USB_Device_Library/Core/Inc -I../Drivers/STM32H7xx_HAL_Driver/Inc -O0 -ffunction-sections -fdata-sections -Wall -fstack-usage -MMD -MP -MF"Core/Src/syscalls.d" -MT"Core/Src/syscalls.o" --specs=nano.specs -mfpu=fpv5-d16 -mfloat-abi=hard -mthumb -o "Core/Src/syscalls.o"
arm-none-eabi-gcc "../Core/Src/sysmem.c" -mcpu=cortex-m7 -std=gnu11 -g3 -DSTM32H750xx -DUSE_HAL_DRIVER -DDEBUG -c -I../USB_DEVICE/Target -I../Drivers/CMSIS/Include -I../Core/Inc -I../Middlewares/ST/STM32_USB_Device_Library/Class/CDC/Inc -I../USB_DEVICE/App -I../Drivers/STM32H7xx_HAL_Driver/Inc/Legacy -I../Drivers/CMSIS/Device/ST/STM32H7xx/Include -I../Middlewares/ST/STM32_USB_Device_Library/Core/Inc -I../Drivers/STM32H7xx_HAL_Driver/Inc -O0 -ffunction-sections -fdata-sections -Wall -fstack-usage -MMD -MP -MF"Core/Src/sysmem.d" -MT"Core/Src/sysmem.o" --specs=nano.specs -mfpu=fpv5-d16 -mfloat-abi=hard -mthumb -o "Core/Src/sysmem.o"
arm-none-eabi-gcc "../Core/Src/system_stm32h7xx.c" -mcpu=cortex-m7 -std=gnu11 -g3 -DSTM32H750xx -DUSE_HAL_DRIVER -DDEBUG -c -I../USB_DEVICE/Target -I../Drivers/CMSIS/Include -I../Core/Inc -I../Middlewares/ST/STM32_USB_Device_Library/Class/CDC/Inc -I../USB_DEVICE/App -I../Drivers/STM32H7xx_HAL_Driver/Inc/Legacy -I../Drivers/CMSIS/Device/ST/STM32H7xx/Include -I../Middlewares/ST/STM32_USB_Device_Library/Core/Inc -I../Drivers/STM32H7xx_HAL_Driver/Inc -O0 -ffunction-sections -fdata-sections -Wall -fstack-usage -MMD -MP -MF"Core/Src/system_stm32h7xx.d" -MT"Core/Src/system_stm32h7xx.o" --specs=nano.specs -mfpu=fpv5-d16 -mfloat-abi=hard -mthumb -o "Core/Src/system_stm32h7xx.o"
arm-none-eabi-gcc -o "H750VBT6-flight-board-v0.elf" @"objects.list"   -mcpu=cortex-m7 -T"C:\Users\amirz\Documents\AeroNU\DPF\Avionics\stm32-avionics\H750VBT6-flight-board-v0\STM32H750VBTX_FLASH.ld" --specs=nosys.specs -Wl,-Map="H750VBT6-flight-board-v0.map" -Wl,--gc-sections -static --specs=nano.specs -mfpu=fpv5-d16 -mfloat-abi=hard -mthumb -Wl,--start-group -lc -lm -Wl,--end-group
Finished building target: H750VBT6-flight-board-v0.elf
 
arm-none-eabi-size   H750VBT6-flight-board-v0.elf 
arm-none-eabi-objdump -h -S  H750VBT6-flight-board-v0.elf  > "H750VBT6-flight-board-v0.list"
arm-none-eabi-objcopy  -O binary  H750VBT6-flight-board-v0.elf  "H750VBT6-flight-board-v0.bin"
   text	   data	    bss	    dec	    hex	filename
  65844	    492	   8836	  75172	  125a4	H750VBT6-flight-board-v0.elf
Finished building: default.size.stdout
 
Finished building: H750VBT6-flight-board-v0.bin
 
Finished building: H750VBT6-flight-board-v0.list
 
